Archive member included to satisfy reference by file (symbol)

d:/stm32_cube sofware/stm32cubeide/ide_1.10.0/setup/stm32cubeide_1.10.0/stm32cubeide/plugins/com.st.stm32cube.ide.mcu.externaltools.gnu-tools-for-stm32.10.3-2021.10.win32_1.0.0.202111181127/tools/bin/../lib/gcc/arm-none-eabi/10.3.1/../../../../arm-none-eabi/lib/thumb/v7-m/nofp\libc_nano.a(lib_a-errno.o)
                              ./Src/syscalls.o (__errno)
d:/stm32_cube sofware/stm32cubeide/ide_1.10.0/setup/stm32cubeide_1.10.0/stm32cubeide/plugins/com.st.stm32cube.ide.mcu.externaltools.gnu-tools-for-stm32.10.3-2021.10.win32_1.0.0.202111181127/tools/bin/../lib/gcc/arm-none-eabi/10.3.1/../../../../arm-none-eabi/lib/thumb/v7-m/nofp\libc_nano.a(lib_a-exit.o)
                              d:/stm32_cube sofware/stm32cubeide/ide_1.10.0/setup/stm32cubeide_1.10.0/stm32cubeide/plugins/com.st.stm32cube.ide.mcu.externaltools.gnu-tools-for-stm32.10.3-2021.10.win32_1.0.0.202111181127/tools/bin/../lib/gcc/arm-none-eabi/10.3.1/../../../../arm-none-eabi/lib/thumb/v7-m/nofp/crt0.o (exit)
d:/stm32_cube sofware/stm32cubeide/ide_1.10.0/setup/stm32cubeide_1.10.0/stm32cubeide/plugins/com.st.stm32cube.ide.mcu.externaltools.gnu-tools-for-stm32.10.3-2021.10.win32_1.0.0.202111181127/tools/bin/../lib/gcc/arm-none-eabi/10.3.1/../../../../arm-none-eabi/lib/thumb/v7-m/nofp\libc_nano.a(lib_a-impure.o)
                              d:/stm32_cube sofware/stm32cubeide/ide_1.10.0/setup/stm32cubeide_1.10.0/stm32cubeide/plugins/com.st.stm32cube.ide.mcu.externaltools.gnu-tools-for-stm32.10.3-2021.10.win32_1.0.0.202111181127/tools/bin/../lib/gcc/arm-none-eabi/10.3.1/../../../../arm-none-eabi/lib/thumb/v7-m/nofp\libc_nano.a(lib_a-exit.o) (_global_impure_ptr)
d:/stm32_cube sofware/stm32cubeide/ide_1.10.0/setup/stm32cubeide_1.10.0/stm32cubeide/plugins/com.st.stm32cube.ide.mcu.externaltools.gnu-tools-for-stm32.10.3-2021.10.win32_1.0.0.202111181127/tools/bin/../lib/gcc/arm-none-eabi/10.3.1/../../../../arm-none-eabi/lib/thumb/v7-m/nofp\libc_nano.a(lib_a-init.o)
                              d:/stm32_cube sofware/stm32cubeide/ide_1.10.0/setup/stm32cubeide_1.10.0/stm32cubeide/plugins/com.st.stm32cube.ide.mcu.externaltools.gnu-tools-for-stm32.10.3-2021.10.win32_1.0.0.202111181127/tools/bin/../lib/gcc/arm-none-eabi/10.3.1/../../../../arm-none-eabi/lib/thumb/v7-m/nofp/crt0.o (__libc_init_array)
d:/stm32_cube sofware/stm32cubeide/ide_1.10.0/setup/stm32cubeide_1.10.0/stm32cubeide/plugins/com.st.stm32cube.ide.mcu.externaltools.gnu-tools-for-stm32.10.3-2021.10.win32_1.0.0.202111181127/tools/bin/../lib/gcc/arm-none-eabi/10.3.1/../../../../arm-none-eabi/lib/thumb/v7-m/nofp\libc_nano.a(lib_a-memset.o)
                              d:/stm32_cube sofware/stm32cubeide/ide_1.10.0/setup/stm32cubeide_1.10.0/stm32cubeide/plugins/com.st.stm32cube.ide.mcu.externaltools.gnu-tools-for-stm32.10.3-2021.10.win32_1.0.0.202111181127/tools/bin/../lib/gcc/arm-none-eabi/10.3.1/../../../../arm-none-eabi/lib/thumb/v7-m/nofp/crt0.o (memset)

Discarded input sections

 .text          0x0000000000000000        0x0 d:/stm32_cube sofware/stm32cubeide/ide_1.10.0/setup/stm32cubeide_1.10.0/stm32cubeide/plugins/com.st.stm32cube.ide.mcu.externaltools.gnu-tools-for-stm32.10.3-2021.10.win32_1.0.0.202111181127/tools/bin/../lib/gcc/arm-none-eabi/10.3.1/thumb/v7-m/nofp/crti.o
 .data          0x0000000000000000        0x0 d:/stm32_cube sofware/stm32cubeide/ide_1.10.0/setup/stm32cubeide_1.10.0/stm32cubeide/plugins/com.st.stm32cube.ide.mcu.externaltools.gnu-tools-for-stm32.10.3-2021.10.win32_1.0.0.202111181127/tools/bin/../lib/gcc/arm-none-eabi/10.3.1/thumb/v7-m/nofp/crti.o
 .bss           0x0000000000000000        0x0 d:/stm32_cube sofware/stm32cubeide/ide_1.10.0/setup/stm32cubeide_1.10.0/stm32cubeide/plugins/com.st.stm32cube.ide.mcu.externaltools.gnu-tools-for-stm32.10.3-2021.10.win32_1.0.0.202111181127/tools/bin/../lib/gcc/arm-none-eabi/10.3.1/thumb/v7-m/nofp/crti.o
 .data          0x0000000000000000        0x4 d:/stm32_cube sofware/stm32cubeide/ide_1.10.0/setup/stm32cubeide_1.10.0/stm32cubeide/plugins/com.st.stm32cube.ide.mcu.externaltools.gnu-tools-for-stm32.10.3-2021.10.win32_1.0.0.202111181127/tools/bin/../lib/gcc/arm-none-eabi/10.3.1/thumb/v7-m/nofp/crtbegin.o
 .rodata        0x0000000000000000       0x24 d:/stm32_cube sofware/stm32cubeide/ide_1.10.0/setup/stm32cubeide_1.10.0/stm32cubeide/plugins/com.st.stm32cube.ide.mcu.externaltools.gnu-tools-for-stm32.10.3-2021.10.win32_1.0.0.202111181127/tools/bin/../lib/gcc/arm-none-eabi/10.3.1/thumb/v7-m/nofp/crtbegin.o
 .text          0x0000000000000000       0x7c d:/stm32_cube sofware/stm32cubeide/ide_1.10.0/setup/stm32cubeide_1.10.0/stm32cubeide/plugins/com.st.stm32cube.ide.mcu.externaltools.gnu-tools-for-stm32.10.3-2021.10.win32_1.0.0.202111181127/tools/bin/../lib/gcc/arm-none-eabi/10.3.1/../../../../arm-none-eabi/lib/thumb/v7-m/nofp/crt0.o
[...]
Memory Configuration

Name             Origin             Length             Attributes
RAM              0x0000000020000000 0x0000000000002800 xrw
FLASH            0x0000000008000000 0x0000000000008000 xr
*default*        0x0000000000000000 0xffffffffffffffff

Linker script and memory map

LOAD d:/stm32_cube sofware/stm32cubeide/ide_1.10.0/setup/stm32cubeide_1.10.0/stm32cubeide/plugins/com.st.stm32cube.ide.mcu.externaltools.gnu-tools-for-stm32.10.3-2021.10.win32_1.0.0.202111181127/tools/bin/../lib/gcc/arm-none-eabi/10.3.1/thumb/v7-m/nofp/crti.o
LOAD d:/stm32_cube sofware/stm32cubeide/ide_1.10.0/setup/stm32cubeide_1.10.0/stm32cubeide/plugins/com.st.stm32cube.ide.mcu.externaltools.gnu-tools-for-stm32.10.3-2021.10.win32_1.0.0.202111181127/tools/bin/../lib/gcc/arm-none-eabi/10.3.1/thumb/v7-m/nofp/crtbegin.o
LOAD d:/stm32_cube sofware/stm32cubeide/ide_1.10.0/setup/stm32cubeide_1.10.0/stm32cubeide/plugins/com.st.stm32cube.ide.mcu.externaltools.gnu-tools-for-stm32.10.3-2021.10.win32_1.0.0.202111181127/tools/bin/../lib/gcc/arm-none-eabi/10.3.1/../../../../arm-none-eabi/lib/thumb/v7-m/nofp/crt0.o
LOAD ./App/APP.o
LOAD ./Drivers/flash/src/flash_driver.o
LOAD ./Drivers/gpio/src/gpio_driver.o
LOAD ./Drivers/misc/src/misc_driver.o
LOAD ./Drivers/rcc/src/rcc_driver.o
LOAD ./Drivers/uart/src/uart_driver.o
LOAD ./Interrupt/stm32f10x_it.o
LOAD ./Middleware/flash/src/flash_middleware.o
LOAD ./Middleware/gpio/src/gpio_middleware.o
LOAD ./Middleware/handle_data_frame/src/handle_data_frame.o
LOAD ./Middleware/misc/src/misc_middleware.o
LOAD ./Middleware/queue/src/queue_middeware.o
LOAD ./Middleware/rcc/src/rcc_middleware.o
LOAD ./Middleware/uart/src/uart_middleware.o
LOAD ./Src/core_cm3.o
LOAD ./Src/main.o
LOAD ./Src/syscalls.o
LOAD ./Src/sysmem.o
LOAD ./Src/system_stm32f10x.o
LOAD ./Startup/startup_stm32f103c6tx.o
START GROUP
LOAD d:/stm32_cube sofware/stm32cubeide/ide_1.10.0/setup/stm32cubeide_1.10.0/stm32cubeide/plugins/com.st.stm32cube.ide.mcu.externaltools.gnu-tools-for-stm32.10.3-2021.10.win32_1.0.0.202111181127/tools/bin/../lib/gcc/arm-none-eabi/10.3.1/../../../../arm-none-eabi/lib/thumb/v7-m/nofp\libc_nano.a
LOAD d:/stm32_cube sofware/stm32cubeide/ide_1.10.0/setup/stm32cubeide_1.10.0/stm32cubeide/plugins/com.st.stm32cube.ide.mcu.externaltools.gnu-tools-for-stm32.10.3-2021.10.win32_1.0.0.202111181127/tools/bin/../lib/gcc/arm-none-eabi/10.3.1/../../../../arm-none-eabi/lib/thumb/v7-m/nofp\libm.a
END GROUP
START GROUP
LOAD d:/stm32_cube sofware/stm32cubeide/ide_1.10.0/setup/stm32cubeide_1.10.0/stm32cubeide/plugins/com.st.stm32cube.ide.mcu.externaltools.gnu-tools-for-stm32.10.3-2021.10.win32_1.0.0.202111181127/tools/bin/../lib/gcc/arm-none-eabi/10.3.1/thumb/v7-m/nofp\libgcc.a
LOAD d:/stm32_cube sofware/stm32cubeide/ide_1.10.0/setup/stm32cubeide_1.10.0/stm32cubeide/plugins/com.st.stm32cube.ide.mcu.externaltools.gnu-tools-for-stm32.10.3-2021.10.win32_1.0.0.202111181127/tools/bin/../lib/gcc/arm-none-eabi/10.3.1/../../../../arm-none-eabi/lib/thumb/v7-m/nofp\libc_nano.a
END GROUP
START GROUP
LOAD d:/stm32_cube sofware/stm32cubeide/ide_1.10.0/setup/stm32cubeide_1.10.0/stm32cubeide/plugins/com.st.stm32cube.ide.mcu.externaltools.gnu-tools-for-stm32.10.3-2021.10.win32_1.0.0.202111181127/tools/bin/../lib/gcc/arm-none-eabi/10.3.1/thumb/v7-m/nofp\libgcc.a
LOAD d:/stm32_cube sofware/stm32cubeide/ide_1.10.0/setup/stm32cubeide_1.10.0/stm32cubeide/plugins/com.st.stm32cube.ide.mcu.externaltools.gnu-tools-for-stm32.10.3-2021.10.win32_1.0.0.202111181127/tools/bin/../lib/gcc/arm-none-eabi/10.3.1/../../../../arm-none-eabi/lib/thumb/v7-m/nofp\libc_nano.a
LOAD d:/stm32_cube sofware/stm32cubeide/ide_1.10.0/setup/stm32cubeide_1.10.0/stm32cubeide/plugins/com.st.stm32cube.ide.mcu.externaltools.gnu-tools-for-stm32.10.3-2021.10.win32_1.0.0.202111181127/tools/bin/../lib/gcc/arm-none-eabi/10.3.1/../../../../arm-none-eabi/lib/thumb/v7-m/nofp\libnosys.a
END GROUP
START GROUP
LOAD d:/stm32_cube sofware/stm32cubeide/ide_1.10.0/setup/stm32cubeide_1.10.0/stm32cubeide/plugins/com.st.stm32cube.ide.mcu.externaltools.gnu-tools-for-stm32.10.3-2021.10.win32_1.0.0.202111181127/tools/bin/../lib/gcc/arm-none-eabi/10.3.1/thumb/v7-m/nofp\libgcc.a
LOAD d:/stm32_cube sofware/stm32cubeide/ide_1.10.0/setup/stm32cubeide_1.10.0/stm32cubeide/plugins/com.st.stm32cube.ide.mcu.externaltools.gnu-tools-for-stm32.10.3-2021.10.win32_1.0.0.202111181127/tools/bin/../lib/gcc/arm-none-eabi/10.3.1/../../../../arm-none-eabi/lib/thumb/v7-m/nofp\libc_nano.a
LOAD d:/stm32_cube sofware/stm32cubeide/ide_1.10.0/setup/stm32cubeide_1.10.0/stm32cubeide/plugins/com.st.stm32cube.ide.mcu.externaltools.gnu-tools-for-stm32.10.3-2021.10.win32_1.0.0.202111181127/tools/bin/../lib/gcc/arm-none-eabi/10.3.1/../../../../arm-none-eabi/lib/thumb/v7-m/nofp\libnosys.a
END GROUP
LOAD d:/stm32_cube sofware/stm32cubeide/ide_1.10.0/setup/stm32cubeide_1.10.0/stm32cubeide/plugins/com.st.stm32cube.ide.mcu.externaltools.gnu-tools-for-stm32.10.3-2021.10.win32_1.0.0.202111181127/tools/bin/../lib/gcc/arm-none-eabi/10.3.1/thumb/v7-m/nofp/crtend.o
LOAD d:/stm32_cube sofware/stm32cubeide/ide_1.10.0/setup/stm32cubeide_1.10.0/stm32cubeide/plugins/com.st.stm32cube.ide.mcu.externaltools.gnu-tools-for-stm32.10.3-2021.10.win32_1.0.0.202111181127/tools/bin/../lib/gcc/arm-none-eabi/10.3.1/thumb/v7-m/nofp/crtn.o
                0x0000000020002800                _estack = (ORIGIN (RAM) + LENGTH (RAM))
                0x0000000000000200                _Min_Heap_Size = 0x200
                0x0000000000000400                _Min_Stack_Size = 0x400

.isr_vector     0x0000000008000000      0x130
                0x0000000008000000                . = ALIGN (0x4)
 *(.isr_vector)
 .isr_vector    0x0000000008000000      0x130 ./Startup/startup_stm32f103c6tx.o
                0x0000000008000000                g_pfnVectors
                0x0000000008000130                . = ALIGN (0x4)

.text           0x0000000008000130     0x1224
                0x0000000008000130                . = ALIGN (0x4)
 *(.text)
 .text          0x0000000008000130       0x40 d:/stm32_cube sofware/stm32cubeide/ide_1.10.0/setup/stm32cubeide_1.10.0/stm32cubeide/plugins/com.st.stm32cube.ide.mcu.externaltools.gnu-tools-for-stm32.10.3-2021.10.win32_1.0.0.202111181127/tools/bin/../lib/gcc/arm-none-eabi/10.3.1/thumb/v7-m/nofp/crtbegin.o
 *(.text*)
 .text.app_init
                0x0000000008000170       0x38 ./App/APP.o
                0x0000000008000170                app_init
 .text.StartProgram
                0x00000000080001a8       0x64 ./App/APP.o
                0x00000000080001a8                StartProgram
 .text.USART1_callBackFuction
                0x000000000800020c       0x2e ./App/APP.o
                0x000000000800020c                USART1_callBackFuction
 *fill*         0x000000000800023a        0x2 
 .text.FLASH_UnlockBank1
                0x000000000800023c       0x24 ./Drivers/flash/src/flash_driver.o
                0x000000000800023c                FLASH_UnlockBank1
 .text.FLASH_ClearFlag
                0x0000000008000260       0x1c ./Drivers/flash/src/flash_driver.o
                0x0000000008000260                FLASH_ClearFlag
 .text.HAL_GPIO_Init
                0x000000000800027c      0x172 ./Drivers/gpio/src/gpio_driver.o
                0x000000000800027c                HAL_GPIO_Init
 .text.HAL_GPIO_Write_Pin
                0x00000000080003ee       0x32 ./Drivers/gpio/src/gpio_driver.o
                0x00000000080003ee                HAL_GPIO_Write_Pin
 .text.Control_Led
                0x0000000008000420       0x38 ./Drivers/gpio/src/gpio_driver.o
                0x0000000008000420                Control_Led
 .text.NVIC_PriorityGroupConfig
                0x0000000008000458       0x24 ./Drivers/misc/src/misc_driver.o
                0x0000000008000458                NVIC_PriorityGroupConfig
 .text.NVIC_Init
                0x000000000800047c       0xc4 ./Drivers/misc/src/misc_driver.o
                0x000000000800047c                NVIC_Init
 .text.RCC_GetClocksFreq
                0x0000000008000540      0x16c ./Drivers/rcc/src/rcc_driver.o
                0x0000000008000540                RCC_GetClocksFreq
 .text.RCC_APB2PeriphClockCmd
                0x00000000080006ac       0x3c ./Drivers/rcc/src/rcc_driver.o
                0x00000000080006ac                RCC_APB2PeriphClockCmd
 .text.USART_Init
                0x00000000080006e8      0x174 ./Drivers/uart/src/uart_driver.o
                0x00000000080006e8                USART_Init
 .text.USART_Cmd
                0x000000000800085c       0x3e ./Drivers/uart/src/uart_driver.o
                0x000000000800085c                USART_Cmd
 .text.USART_ITConfig
                0x000000000800089a       0x8e ./Drivers/uart/src/uart_driver.o
                0x000000000800089a                USART_ITConfig
 .text.USART_SendData
                0x0000000008000928       0x22 ./Drivers/uart/src/uart_driver.o
                0x0000000008000928                USART_SendData
 .text.USART_ReceiveData
                0x000000000800094a       0x1e ./Drivers/uart/src/uart_driver.o
                0x000000000800094a                USART_ReceiveData
 .text.USART_GetITStatus
                0x0000000008000968       0xb4 ./Drivers/uart/src/uart_driver.o
                0x0000000008000968                USART_GetITStatus
 .text.NMI_Handler
                0x0000000008000a1c        0xc ./Interrupt/stm32f10x_it.o
                0x0000000008000a1c                NMI_Handler
 .text.HardFault_Handler
                0x0000000008000a28        0x6 ./Interrupt/stm32f10x_it.o
                0x0000000008000a28                HardFault_Handler
 .text.MemManage_Handler
                0x0000000008000a2e        0x6 ./Interrupt/stm32f10x_it.o
                0x0000000008000a2e                MemManage_Handler
 .text.BusFault_Handler
                0x0000000008000a34        0x6 ./Interrupt/stm32f10x_it.o
                0x0000000008000a34                BusFault_Handler
 .text.UsageFault_Handler
                0x0000000008000a3a        0x6 ./Interrupt/stm32f10x_it.o
                0x0000000008000a3a                UsageFault_Handler
 .text.SVC_Handler
                0x0000000008000a40        0xc ./Interrupt/stm32f10x_it.o
                0x0000000008000a40                SVC_Handler
 .text.DebugMon_Handler
                0x0000000008000a4c        0xc ./Interrupt/stm32f10x_it.o
                0x0000000008000a4c                DebugMon_Handler
 .text.PendSV_Handler
                0x0000000008000a58        0xc ./Interrupt/stm32f10x_it.o
                0x0000000008000a58                PendSV_Handler
 .text.SysTick_Handler
                0x0000000008000a64        0xc ./Interrupt/stm32f10x_it.o
                0x0000000008000a64                SysTick_Handler
 .text.USART1_IRQHandler
                0x0000000008000a70       0x98 ./Interrupt/stm32f10x_it.o
                0x0000000008000a70                USART1_IRQHandler
 .text.USART2_IRQHandler
                0x0000000008000b08        0xc ./Interrupt/stm32f10x_it.o
                0x0000000008000b08                USART2_IRQHandler
 .text.GPIO_Configuration
                0x0000000008000b14       0x6c ./Middleware/gpio/src/gpio_middleware.o
                0x0000000008000b14                GPIO_Configuration
 .text.parseDataFrame
                0x0000000008000b80      0x170 ./Middleware/handle_data_frame/src/handle_data_frame.o
                0x0000000008000b80                parseDataFrame
 .text.handleDataFrame
                0x0000000008000cf0      0x148 ./Middleware/handle_data_frame/src/handle_data_frame.o
                0x0000000008000cf0                handleDataFrame
 .text.CreateSendFeedBackFrame
                0x0000000008000e38       0x7c ./Middleware/handle_data_frame/src/handle_data_frame.o
                0x0000000008000e38                CreateSendFeedBackFrame
 .text.NVIC_Configuration
                0x0000000008000eb4       0x2a ./Middleware/misc/src/misc_middleware.o
                0x0000000008000eb4                NVIC_Configuration
 *fill*         0x0000000008000ede        0x2 
 .text.queue_init
                0x0000000008000ee0       0x24 ./Middleware/queue/src/queue_middeware.o
                0x0000000008000ee0                queue_init
 .text.queue_isEmpty
                0x0000000008000f04       0x28 ./Middleware/queue/src/queue_middeware.o
                0x0000000008000f04                queue_isEmpty
 .text.queue_isFull
                0x0000000008000f2c       0x28 ./Middleware/queue/src/queue_middeware.o
                0x0000000008000f2c                queue_isFull
 .text.queue_put_newLine
                0x0000000008000f54       0x50 ./Middleware/queue/src/queue_middeware.o
                0x0000000008000f54                queue_put_newLine
 .text.queue_get
                0x0000000008000fa4       0x48 ./Middleware/queue/src/queue_middeware.o
                0x0000000008000fa4                queue_get
 .text.queue_push_data
                0x0000000008000fec       0x54 ./Middleware/queue/src/queue_middeware.o
                0x0000000008000fec                queue_push_data
 .text.queue_pop
                0x0000000008001040       0x38 ./Middleware/queue/src/queue_middeware.o
                0x0000000008001040                queue_pop
 .text.RCC_Configuration
                0x0000000008001078       0x22 ./Middleware/rcc/src/rcc_middleware.o
                0x0000000008001078                RCC_Configuration
 *fill*         0x000000000800109a        0x2 
 .text.USART_Configuration
                0x000000000800109c       0x58 ./Middleware/uart/src/uart_middleware.o
                0x000000000800109c                USART_Configuration
 .text.USART1_transmit
                0x00000000080010f4       0x24 ./Middleware/uart/src/uart_middleware.o
                0x00000000080010f4                USART1_transmit
 .text.main     0x0000000008001118       0x12 ./Src/main.o
                0x0000000008001118                main
 *fill*         0x000000000800112a        0x2 
 .text.SystemInit
                0x000000000800112c       0x68 ./Src/system_stm32f10x.o
                0x000000000800112c                SystemInit
 .text.SetSysClock
                0x0000000008001194        0xc ./Src/system_stm32f10x.o
 .text.SetSysClockTo72
                0x00000000080011a0      0x100 ./Src/system_stm32f10x.o
 .text.Reset_Handler
                0x00000000080012a0       0x50 ./Startup/startup_stm32f103c6tx.o
                0x00000000080012a0                Reset_Handler
 .text.Default_Handler
                0x00000000080012f0        0x2 ./Startup/startup_stm32f103c6tx.o
                0x00000000080012f0                EXTI2_IRQHandler
                0x00000000080012f0                TIM8_TRG_COM_IRQHandler
                0x00000000080012f0                TIM8_CC_IRQHandler
                0x00000000080012f0                TIM1_CC_IRQHandler
                0x00000000080012f0                TIM6_IRQHandler
                0x00000000080012f0                PVD_IRQHandler
                0x00000000080012f0                SDIO_IRQHandler
                0x00000000080012f0                EXTI3_IRQHandler
                0x00000000080012f0                USB_HP_CAN_TX_IRQHandler
                0x00000000080012f0                EXTI0_IRQHandler
                0x00000000080012f0                I2C2_EV_IRQHandler
                0x00000000080012f0                ADC1_2_IRQHandler
                0x00000000080012f0                SPI1_IRQHandler
                0x00000000080012f0                CAN_SCE_IRQHandler
                0x00000000080012f0                TAMPER_IRQHandler
                0x00000000080012f0                TIM8_UP_IRQHandler
                0x00000000080012f0                DMA2_Channel2_IRQHandler
                0x00000000080012f0                DMA1_Channel4_IRQHandler
                0x00000000080012f0                USART3_IRQHandler
                0x00000000080012f0                RTC_IRQHandler
                0x00000000080012f0                DMA1_Channel7_IRQHandler
                0x00000000080012f0                UART5_IRQHandler
                0x00000000080012f0                ADC3_IRQHandler
                0x00000000080012f0                TIM4_IRQHandler
                0x00000000080012f0                CAN_RX1_IRQHandler
                0x00000000080012f0                DMA2_Channel1_IRQHandler
                0x00000000080012f0                I2C1_EV_IRQHandler
                0x00000000080012f0                DMA1_Channel6_IRQHandler
                0x00000000080012f0                UART4_IRQHandler
                0x00000000080012f0                TIM3_IRQHandler
                0x00000000080012f0                RCC_IRQHandler
                0x00000000080012f0                TIM1_TRG_COM_IRQHandler
                0x00000000080012f0                DMA1_Channel1_IRQHandler
                0x00000000080012f0                Default_Handler
                0x00000000080012f0                EXTI15_10_IRQHandler
                0x00000000080012f0                TIM7_IRQHandler
                0x00000000080012f0                TIM5_IRQHandler
                0x00000000080012f0                EXTI9_5_IRQHandler
                0x00000000080012f0                SPI2_IRQHandler
                0x00000000080012f0                USB_LP_CAN_RX0_IRQHandler
                0x00000000080012f0                DMA1_Channel5_IRQHandler
                0x00000000080012f0                EXTI4_IRQHandler
                0x00000000080012f0                DMA1_Channel3_IRQHandler
                0x00000000080012f0                FSMC_IRQHandler
                0x00000000080012f0                TIM1_UP_IRQHandler
                0x00000000080012f0                WWDG_IRQHandler
                0x00000000080012f0                TIM2_IRQHandler
                0x00000000080012f0                TIM1_BRK_IRQHandler
                0x00000000080012f0                EXTI1_IRQHandler
                0x00000000080012f0                RTCAlarm_IRQHandler
                0x00000000080012f0                DMA2_Channel4_5_IRQHandler
                0x00000000080012f0                I2C2_ER_IRQHandler
                0x00000000080012f0                DMA1_Channel2_IRQHandler
                0x00000000080012f0                TIM8_BRK_IRQHandler
                0x00000000080012f0                FLASH_IRQHandler
                0x00000000080012f0                SPI3_IRQHandler
                0x00000000080012f0                I2C1_ER_IRQHandler
                0x00000000080012f0                DMA2_Channel3_IRQHandler
 *fill*         0x00000000080012f2        0x2 
 .text.__libc_init_array
                0x00000000080012f4       0x48 d:/stm32_cube sofware/stm32cubeide/ide_1.10.0/setup/stm32cubeide_1.10.0/stm32cubeide/plugins/com.st.stm32cube.ide.mcu.externaltools.gnu-tools-for-stm32.10.3-2021.10.win32_1.0.0.202111181127/tools/bin/../lib/gcc/arm-none-eabi/10.3.1/../../../../arm-none-eabi/lib/thumb/v7-m/nofp\libc_nano.a(lib_a-init.o)
                0x00000000080012f4                __libc_init_array
 *(.glue_7)
 .glue_7        0x000000000800133c        0x0 linker stubs
 *(.glue_7t)
 .glue_7t       0x000000000800133c        0x0 linker stubs
 *(.eh_frame)
 .eh_frame      0x000000000800133c        0x0 d:/stm32_cube sofware/stm32cubeide/ide_1.10.0/setup/stm32cubeide_1.10.0/stm32cubeide/plugins/com.st.stm32cube.ide.mcu.externaltools.gnu-tools-for-stm32.10.3-2021.10.win32_1.0.0.202111181127/tools/bin/../lib/gcc/arm-none-eabi/10.3.1/thumb/v7-m/nofp/crtbegin.o
 *(.init)
 .init          0x000000000800133c        0x4 d:/stm32_cube sofware/stm32cubeide/ide_1.10.0/setup/stm32cubeide_1.10.0/stm32cubeide/plugins/com.st.stm32cube.ide.mcu.externaltools.gnu-tools-for-stm32.10.3-2021.10.win32_1.0.0.202111181127/tools/bin/../lib/gcc/arm-none-eabi/10.3.1/thumb/v7-m/nofp/crti.o
                0x000000000800133c                _init
 .init          0x0000000008001340        0x8 d:/stm32_cube sofware/stm32cubeide/ide_1.10.0/setup/stm32cubeide_1.10.0/stm32cubeide/plugins/com.st.stm32cube.ide.mcu.externaltools.gnu-tools-for-stm32.10.3-2021.10.win32_1.0.0.202111181127/tools/bin/../lib/gcc/arm-none-eabi/10.3.1/thumb/v7-m/nofp/crtn.o
 *(.fini)
 .fini          0x0000000008001348        0x4 d:/stm32_cube sofware/stm32cubeide/ide_1.10.0/setup/stm32cubeide_1.10.0/stm32cubeide/plugins/com.st.stm32cube.ide.mcu.externaltools.gnu-tools-for-stm32.10.3-2021.10.win32_1.0.0.202111181127/tools/bin/../lib/gcc/arm-none-eabi/10.3.1/thumb/v7-m/nofp/crti.o
                0x0000000008001348                _fini
 .fini          0x000000000800134c        0x8 d:/stm32_cube sofware/stm32cubeide/ide_1.10.0/setup/stm32cubeide_1.10.0/stm32cubeide/plugins/com.st.stm32cube.ide.mcu.externaltools.gnu-tools-for-stm32.10.3-2021.10.win32_1.0.0.202111181127/tools/bin/../lib/gcc/arm-none-eabi/10.3.1/thumb/v7-m/nofp/crtn.o
                0x0000000008001354                . = ALIGN (0x4)
                0x0000000008001354                _etext = .

.vfp11_veneer   0x0000000008001354        0x0
 .vfp11_veneer  0x0000000008001354        0x0 linker stubs

.v4_bx          0x0000000008001354        0x0
 .v4_bx         0x0000000008001354        0x0 linker stubs

.iplt           0x0000000008001354        0x0
 .iplt          0x0000000008001354        0x0 d:/stm32_cube sofware/stm32cubeide/ide_1.10.0/setup/stm32cubeide_1.10.0/stm32cubeide/plugins/com.st.stm32cube.ide.mcu.externaltools.gnu-tools-for-stm32.10.3-2021.10.win32_1.0.0.202111181127/tools/bin/../lib/gcc/arm-none-eabi/10.3.1/thumb/v7-m/nofp/crtbegin.o

.rel.dyn        0x0000000008001354        0x0
 .rel.iplt      0x0000000008001354        0x0 d:/stm32_cube sofware/stm32cubeide/ide_1.10.0/setup/stm32cubeide_1.10.0/stm32cubeide/plugins/com.st.stm32cube.ide.mcu.externaltools.gnu-tools-for-stm32.10.3-2021.10.win32_1.0.0.202111181127/tools/bin/../lib/gcc/arm-none-eabi/10.3.1/thumb/v7-m/nofp/crtbegin.o

.rodata         0x0000000008001354        0x0
                0x0000000008001354                . = ALIGN (0x4)
 *(.rodata)
 *(.rodata*)
                0x0000000008001354                . = ALIGN (0x4)

.ARM.extab      0x0000000008001354        0x0
                0x0000000008001354                . = ALIGN (0x4)
 *(.ARM.extab* .gnu.linkonce.armextab.*)
                0x0000000008001354                . = ALIGN (0x4)

.ARM            0x0000000008001354        0x0
                0x0000000008001354                . = ALIGN (0x4)
                0x0000000008001354                __exidx_start = .
 *(.ARM.exidx*)
                0x0000000008001354                __exidx_end = .
                0x0000000008001354                . = ALIGN (0x4)

.preinit_array  0x0000000008001354        0x0
                0x0000000008001354                . = ALIGN (0x4)
                0x0000000008001354                PROVIDE (__preinit_array_start = .)
 *(.preinit_array*)
                0x0000000008001354                PROVIDE (__preinit_array_end = .)
                0x0000000008001354                . = ALIGN (0x4)

.init_array     0x0000000008001354        0x4
                0x0000000008001354                . = ALIGN (0x4)
                0x0000000008001354                PROVIDE (__init_array_start = .)
 *(SORT_BY_NAME(.init_array.*))
 *(.init_array*)
 .init_array    0x0000000008001354        0x4 d:/stm32_cube sofware/stm32cubeide/ide_1.10.0/setup/stm32cubeide_1.10.0/stm32cubeide/plugins/com.st.stm32cube.ide.mcu.externaltools.gnu-tools-for-stm32.10.3-2021.10.win32_1.0.0.202111181127/tools/bin/../lib/gcc/arm-none-eabi/10.3.1/thumb/v7-m/nofp/crtbegin.o
                0x0000000008001358                PROVIDE (__init_array_end = .)
                0x0000000008001358                . = ALIGN (0x4)

.fini_array     0x0000000008001358        0x4
                0x0000000008001358                . = ALIGN (0x4)
                [!provide]                        PROVIDE (__fini_array_start = .)
 *(SORT_BY_NAME(.fini_array.*))
 *(.fini_array*)
 .fini_array    0x0000000008001358        0x4 d:/stm32_cube sofware/stm32cubeide/ide_1.10.0/setup/stm32cubeide_1.10.0/stm32cubeide/plugins/com.st.stm32cube.ide.mcu.externaltools.gnu-tools-for-stm32.10.3-2021.10.win32_1.0.0.202111181127/tools/bin/../lib/gcc/arm-none-eabi/10.3.1/thumb/v7-m/nofp/crtbegin.o
                [!provide]                        PROVIDE (__fini_array_end = .)
                0x000000000800135c                . = ALIGN (0x4)
                0x000000000800135c                _sidata = LOADADDR (.data)

.data           0x0000000020000000       0x18 load address 0x000000000800135c
                0x0000000020000000                . = ALIGN (0x4)
                0x0000000020000000                _sdata = .
 *(.data)
 *(.data*)
 .data.APBAHBPrescTable
                0x0000000020000000       0x10 ./Drivers/rcc/src/rcc_driver.o
 .data.ADCPrescTable
                0x0000000020000010        0x4 ./Drivers/rcc/src/rcc_driver.o
 .data.status   0x0000000020000014        0x1 ./Middleware/handle_data_frame/src/handle_data_frame.o
 *(.RamFunc)
 *(.RamFunc*)
                0x0000000020000018                . = ALIGN (0x4)
 *fill*         0x0000000020000015        0x3 
                0x0000000020000018                _edata = .

.igot.plt       0x0000000020000018        0x0 load address 0x0000000008001374
 .igot.plt      0x0000000020000018        0x0 d:/stm32_cube sofware/stm32cubeide/ide_1.10.0/setup/stm32cubeide_1.10.0/stm32cubeide/plugins/com.st.stm32cube.ide.mcu.externaltools.gnu-tools-for-stm32.10.3-2021.10.win32_1.0.0.202111181127/tools/bin/../lib/gcc/arm-none-eabi/10.3.1/thumb/v7-m/nofp/crtbegin.o
                0x0000000020000018                . = ALIGN (0x4)

.bss            0x0000000020000018      0x868 load address 0x0000000008001374
                0x0000000020000018                _sbss = .
                0x0000000020000018                __bss_start__ = _sbss
 *(.bss)
 .bss           0x0000000020000018       0x1c d:/stm32_cube sofware/stm32cubeide/ide_1.10.0/setup/stm32cubeide_1.10.0/stm32cubeide/plugins/com.st.stm32cube.ide.mcu.externaltools.gnu-tools-for-stm32.10.3-2021.10.win32_1.0.0.202111181127/tools/bin/../lib/gcc/arm-none-eabi/10.3.1/thumb/v7-m/nofp/crtbegin.o
 *(.bss*)
 .bss.frameData
                0x0000000020000034       0x14 ./App/APP.o
                0x0000000020000034                frameData
 .bss.frameSize
                0x0000000020000048        0x1 ./App/APP.o
                0x0000000020000048                frameSize
 .bss.count     0x0000000020000049        0x1 ./Interrupt/stm32f10x_it.o
                0x0000000020000049                count
 .bss.dataIndex
                0x000000002000004a        0x2 ./Middleware/queue/src/queue_middeware.o
                0x000000002000004a                dataIndex
 .bss.s_queueList
                0x000000002000004c      0x833 ./Middleware/queue/src/queue_middeware.o
                0x000000002000004c                s_queueList
 *(COMMON)
                0x0000000020000880                . = ALIGN (0x4)
 *fill*         0x000000002000087f        0x1 
                0x0000000020000880                _ebss = .
                0x0000000020000880                __bss_end__ = _ebss

._user_heap_stack
                0x0000000020000880      0x600 load address 0x0000000008001374
                0x0000000020000880                . = ALIGN (0x8)
                [!provide]                        PROVIDE (end = .)
                0x0000000020000880                PROVIDE (_end = .)
                0x0000000020000a80                . = (. + _Min_Heap_Size)
 *fill*         0x0000000020000880      0x200 
                0x0000000020000e80                . = (. + _Min_Stack_Size)
 *fill*         0x0000000020000a80      0x400 
                0x0000000020000e80                . = ALIGN (0x8)

/DISCARD/
 libc.a(*)
 libm.a(*)
 libgcc.a(*)

.ARM.attributes
                0x0000000000000000       0x29
 *(.ARM.attributes)
 .ARM.attributes
                0x0000000000000000       0x1d d:/stm32_cube sofware/stm32cubeide/ide_1.10.0/setup/stm32cubeide_1.10.0/stm32cubeide/plugins/com.st.stm32cube.ide.mcu.externaltools.gnu-tools-for-stm32.10.3-2021.10.win32_1.0.0.202111181127/tools/bin/../lib/gcc/arm-none-eabi/10.3.1/thumb/v7-m/nofp/crti.o
 .ARM.attributes
                0x000000000000001d       0x2d d:/stm32_cube sofware/stm32cubeide/ide_1.10.0/setup/stm32cubeide_1.10.0/stm32cubeide/plugins/com.st.stm32cube.ide.mcu.externaltools.gnu-tools-for-stm32.10.3-2021.10.win32_1.0.0.202111181127/tools/bin/../lib/gcc/arm-none-eabi/10.3.1/thumb/v7-m/nofp/crtbegin.o
 .ARM.attributes
                0x000000000000004a       0x2d ./App/APP.o
 .ARM.attributes
                0x0000000000000077       0x2d ./Drivers/flash/src/flash_driver.o
 .ARM.attributes
                0x00000000000000a4       0x2d ./Drivers/gpio/src/gpio_driver.o
 .ARM.attributes
                0x00000000000000d1       0x2d ./Drivers/misc/src/misc_driver.o
 .ARM.attributes
                0x00000000000000fe       0x2d ./Drivers/rcc/src/rcc_driver.o
 .ARM.attributes
                0x000000000000012b       0x2d ./Drivers/uart/src/uart_driver.o
 .ARM.attributes
                0x0000000000000158       0x2d ./Interrupt/stm32f10x_it.o
 .ARM.attributes
                0x0000000000000185       0x2d ./Middleware/gpio/src/gpio_middleware.o
 .ARM.attributes
                0x00000000000001b2       0x2d ./Middleware/handle_data_frame/src/handle_data_frame.o
 .ARM.attributes
                0x00000000000001df       0x2d ./Middleware/misc/src/misc_middleware.o
 .ARM.attributes
                0x000000000000020c       0x2d ./Middleware/queue/src/queue_middeware.o
 .ARM.attributes
                0x0000000000000239       0x2d ./Middleware/rcc/src/rcc_middleware.o
 .ARM.attributes
                0x0000000000000266       0x2d ./Middleware/uart/src/uart_middleware.o
 .ARM.attributes
                0x0000000000000293       0x2d ./Src/main.o
 .ARM.attributes
                0x00000000000002c0       0x2d ./Src/system_stm32f10x.o
 .ARM.attributes
                0x00000000000002ed       0x21 ./Startup/startup_stm32f103c6tx.o
 .ARM.attributes
                0x000000000000030e       0x2d d:/stm32_cube sofware/stm32cubeide/ide_1.10.0/setup/stm32cubeide_1.10.0/stm32cubeide/plugins/com.st.stm32cube.ide.mcu.externaltools.gnu-tools-for-stm32.10.3-2021.10.win32_1.0.0.202111181127/tools/bin/../lib/gcc/arm-none-eabi/10.3.1/../../../../arm-none-eabi/lib/thumb/v7-m/nofp\libc_nano.a(lib_a-init.o)
 .ARM.attributes
                0x000000000000033b       0x1d d:/stm32_cube sofware/stm32cubeide/ide_1.10.0/setup/stm32cubeide_1.10.0/stm32cubeide/plugins/com.st.stm32cube.ide.mcu.externaltools.gnu-tools-for-stm32.10.3-2021.10.win32_1.0.0.202111181127/tools/bin/../lib/gcc/arm-none-eabi/10.3.1/thumb/v7-m/nofp/crtn.o
OUTPUT(fast_track_execise.elf elf32-littlearm)
LOAD linker stubs
LOAD d:/stm32_cube sofware/stm32cubeide/ide_1.10.0/setup/stm32cubeide_1.10.0/stm32cubeide/plugins/com.st.stm32cube.ide.mcu.externaltools.gnu-tools-for-stm32.10.3-2021.10.win32_1.0.0.202111181127/tools/bin/../lib/gcc/arm-none-eabi/10.3.1/../../../../arm-none-eabi/lib/thumb/v7-m/nofp\libc.a
LOAD d:/stm32_cube sofware/stm32cubeide/ide_1.10.0/setup/stm32cubeide_1.10.0/stm32cubeide/plugins/com.st.stm32cube.ide.mcu.externaltools.gnu-tools-for-stm32.10.3-2021.10.win32_1.0.0.202111181127/tools/bin/../lib/gcc/arm-none-eabi/10.3.1/../../../../arm-none-eabi/lib/thumb/v7-m/nofp\libm.a
LOAD d:/stm32_cube sofware/stm32cubeide/ide_1.10.0/setup/stm32cubeide_1.10.0/stm32cubeide/plugins/com.st.stm32cube.ide.mcu.externaltools.gnu-tools-for-stm32.10.3-2021.10.win32_1.0.0.202111181127/tools/bin/../lib/gcc/arm-none-eabi/10.3.1/thumb/v7-m/nofp\libgcc.a

.debug_info     0x0000000000000000     0x3ed3
 .debug_info    0x0000000000000000      0x3db ./App/APP.o
 .debug_info    0x00000000000003db      0x800 ./Drivers/flash/src/flash_driver.o
 .debug_info    0x0000000000000bdb      0x39c ./Drivers/gpio/src/gpio_driver.o
 .debug_info    0x0000000000000f77      0x510 ./Drivers/misc/src/misc_driver.o
 .debug_info    0x0000000000001487      0x8f7 ./Drivers/rcc/src/rcc_driver.o
 .debug_info    0x0000000000001d7e      0xaa8 ./Drivers/uart/src/uart_driver.o
 .debug_info    0x0000000000002826      0x394 ./Interrupt/stm32f10x_it.o
 .debug_info    0x0000000000002bba      0x289 ./Middleware/gpio/src/gpio_middleware.o
 .debug_info    0x0000000000002e43      0x2da ./Middleware/handle_data_frame/src/handle_data_frame.o
 .debug_info    0x000000000000311d      0x2a4 ./Middleware/misc/src/misc_middleware.o
 .debug_info    0x00000000000033c1      0x26d ./Middleware/queue/src/queue_middeware.o
 .debug_info    0x000000000000362e       0xdb ./Middleware/rcc/src/rcc_middleware.o
 .debug_info    0x0000000000003709      0x299 ./Middleware/uart/src/uart_middleware.o
 .debug_info    0x00000000000039a2       0x96 ./Src/main.o
 .debug_info    0x0000000000003a38      0x479 ./Src/system_stm32f10x.o
 .debug_info    0x0000000000003eb1       0x22 ./Startup/startup_stm32f103c6tx.o

.debug_abbrev   0x0000000000000000     0x13fc
 .debug_abbrev  0x0000000000000000      0x1f8 ./App/APP.o
 .debug_abbrev  0x00000000000001f8      0x1a7 ./Drivers/flash/src/flash_driver.o
 .debug_abbrev  0x000000000000039f      0x151 ./Drivers/gpio/src/gpio_driver.o
 .debug_abbrev  0x00000000000004f0      0x184 ./Drivers/misc/src/misc_driver.o
 .debug_abbrev  0x0000000000000674      0x1d6 ./Drivers/rcc/src/rcc_driver.o
 .debug_abbrev  0x000000000000084a      0x1b0 ./Drivers/uart/src/uart_driver.o
 .debug_abbrev  0x00000000000009fa      0x199 ./Interrupt/stm32f10x_it.o
 .debug_abbrev  0x0000000000000b93      0x13c ./Middleware/gpio/src/gpio_middleware.o
 .debug_abbrev  0x0000000000000ccf      0x11b ./Middleware/handle_data_frame/src/handle_data_frame.o
 .debug_abbrev  0x0000000000000dea       0xf5 ./Middleware/misc/src/misc_middleware.o
 .debug_abbrev  0x0000000000000edf      0x13a ./Middleware/queue/src/queue_middeware.o
 .debug_abbrev  0x0000000000001019       0x9d ./Middleware/rcc/src/rcc_middleware.o
 .debug_abbrev  0x00000000000010b6      0x127 ./Middleware/uart/src/uart_middleware.o
 .debug_abbrev  0x00000000000011dd       0x5c ./Src/main.o
 .debug_abbrev  0x0000000000001239      0x1b1 ./Src/system_stm32f10x.o
 .debug_abbrev  0x00000000000013ea       0x12 ./Startup/startup_stm32f103c6tx.o

.debug_aranges  0x0000000000000000      0x5c0
 .debug_aranges
                0x0000000000000000       0x30 ./App/APP.o
 .debug_aranges
                0x0000000000000030       0xf8 ./Drivers/flash/src/flash_driver.o
 .debug_aranges
                0x0000000000000128       0x40 ./Drivers/gpio/src/gpio_driver.o
 .debug_aranges
                0x0000000000000168       0x40 ./Drivers/misc/src/misc_driver.o
 .debug_aranges
                0x00000000000001a8      0x118 ./Drivers/rcc/src/rcc_driver.o
 .debug_aranges
                0x00000000000002c0      0x100 ./Drivers/uart/src/uart_driver.o
 .debug_aranges
                0x00000000000003c0       0x70 ./Interrupt/stm32f10x_it.o
 .debug_aranges
                0x0000000000000430       0x28 ./Middleware/gpio/src/gpio_middleware.o
 .debug_aranges
                0x0000000000000458       0x30 ./Middleware/handle_data_frame/src/handle_data_frame.o
 .debug_aranges
                0x0000000000000488       0x20 ./Middleware/misc/src/misc_middleware.o
 .debug_aranges
                0x00000000000004a8       0x50 ./Middleware/queue/src/queue_middeware.o
 .debug_aranges
                0x00000000000004f8       0x20 ./Middleware/rcc/src/rcc_middleware.o
 .debug_aranges
                0x0000000000000518       0x28 ./Middleware/uart/src/uart_middleware.o
 .debug_aranges
                0x0000000000000540       0x20 ./Src/main.o
 .debug_aranges
                0x0000000000000560       0x38 ./Src/system_stm32f10x.o
 .debug_aranges
                0x0000000000000598       0x28 ./Startup/startup_stm32f103c6tx.o

.debug_ranges   0x0000000000000000      0x4c8
 .debug_ranges  0x0000000000000000       0x20 ./App/APP.o
 .debug_ranges  0x0000000000000020       0xe8 ./Drivers/flash/src/flash_driver.o
 .debug_ranges  0x0000000000000108       0x30 ./Drivers/gpio/src/gpio_driver.o
 .debug_ranges  0x0000000000000138       0x30 ./Drivers/misc/src/misc_driver.o
 .debug_ranges  0x0000000000000168      0x108 ./Drivers/rcc/src/rcc_driver.o
 .debug_ranges  0x0000000000000270       0xf0 ./Drivers/uart/src/uart_driver.o
 .debug_ranges  0x0000000000000360       0x60 ./Interrupt/stm32f10x_it.o
 .debug_ranges  0x00000000000003c0       0x18 ./Middleware/gpio/src/gpio_middleware.o
 .debug_ranges  0x00000000000003d8       0x20 ./Middleware/handle_data_frame/src/handle_data_frame.o
 .debug_ranges  0x00000000000003f8       0x10 ./Middleware/misc/src/misc_middleware.o
 .debug_ranges  0x0000000000000408       0x40 ./Middleware/queue/src/queue_middeware.o
 .debug_ranges  0x0000000000000448       0x10 ./Middleware/rcc/src/rcc_middleware.o
 .debug_ranges  0x0000000000000458       0x18 ./Middleware/uart/src/uart_middleware.o
 .debug_ranges  0x0000000000000470       0x10 ./Src/main.o
 .debug_ranges  0x0000000000000480       0x28 ./Src/system_stm32f10x.o
 .debug_ranges  0x00000000000004a8       0x20 ./Startup/startup_stm32f103c6tx.o

.debug_macro    0x0000000000000000     0xca8f
 .debug_macro   0x0000000000000000      0x28b ./App/APP.o
 .debug_macro   0x000000000000028b      0xa7e ./App/APP.o
 .debug_macro   0x0000000000000d09       0x22 ./App/APP.o
 .debug_macro   0x0000000000000d2b       0x8e ./App/APP.o
 .debug_macro   0x0000000000000db9       0x51 ./App/APP.o
 .debug_macro   0x0000000000000e0a      0x103 ./App/APP.o
 .debug_macro   0x0000000000000f0d       0x6a ./App/APP.o
 .debug_macro   0x0000000000000f77      0x1df ./App/APP.o
 .debug_macro   0x0000000000001156       0x52 ./App/APP.o
 .debug_macro   0x00000000000011a8       0x18 ./App/APP.o
 .debug_macro   0x00000000000011c0       0x3c ./App/APP.o
 .debug_macro   0x00000000000011fc       0x34 ./App/APP.o
 .debug_macro   0x0000000000001230       0x16 ./App/APP.o
 .debug_macro   0x0000000000001246       0x97 ./App/APP.o
 .debug_macro   0x00000000000012dd      0x341 ./App/APP.o
 .debug_macro   0x000000000000161e       0xfd ./App/APP.o
 .debug_macro   0x000000000000171b       0x10 ./App/APP.o
 .debug_macro   0x000000000000172b       0x16 ./App/APP.o
 .debug_macro   0x0000000000001741       0x43 ./App/APP.o
 .debug_macro   0x0000000000001784       0x34 ./App/APP.o
 .debug_macro   0x00000000000017b8       0x10 ./App/APP.o
 .debug_macro   0x00000000000017c8       0x58 ./App/APP.o
 .debug_macro   0x0000000000001820       0x71 ./App/APP.o
 .debug_macro   0x0000000000001891       0x1c ./App/APP.o
 .debug_macro   0x00000000000018ad      0x12a ./App/APP.o
 .debug_macro   0x00000000000019d7       0x10 ./App/APP.o
 .debug_macro   0x00000000000019e7       0x1c ./App/APP.o
 .debug_macro   0x0000000000001a03       0x52 ./App/APP.o
 .debug_macro   0x0000000000001a55       0x22 ./App/APP.o
 .debug_macro   0x0000000000001a77       0x10 ./App/APP.o
 .debug_macro   0x0000000000001a87       0x52 ./App/APP.o
 .debug_macro   0x0000000000001ad9       0xd5 ./App/APP.o
 .debug_macro   0x0000000000001bae       0x1c ./App/APP.o
 .debug_macro   0x0000000000001bca       0x3d ./App/APP.o
 .debug_macro   0x0000000000001c07       0x16 ./App/APP.o
 .debug_macro   0x0000000000001c1d      0x145 ./App/APP.o
 .debug_macro   0x0000000000001d62       0x22 ./App/APP.o
 .debug_macro   0x0000000000001d84       0x16 ./App/APP.o
 .debug_macro   0x0000000000001d9a       0x56 ./App/APP.o
 .debug_macro   0x0000000000001df0      0x6bd ./App/APP.o
 .debug_macro   0x00000000000024ad     0x7def ./App/APP.o
 .debug_macro   0x000000000000a29c      0x21a ./App/APP.o
 .debug_macro   0x000000000000a4b6      0x3e2 ./App/APP.o
 .debug_macro   0x000000000000a898       0x16 ./App/APP.o
 .debug_macro   0x000000000000a8ae       0x8b ./App/APP.o
 .debug_macro   0x000000000000a939       0x70 ./App/APP.o
 .debug_macro   0x000000000000a9a9       0x10 ./App/APP.o
 .debug_macro   0x000000000000a9b9      0x2cf ./App/APP.o
 .debug_macro   0x000000000000ac88      0x142 ./Drivers/flash/src/flash_driver.o
 .debug_macro   0x000000000000adca       0x22 ./Drivers/flash/src/flash_driver.o
 .debug_macro   0x000000000000adec      0x69f ./Drivers/flash/src/flash_driver.o
 .debug_macro   0x000000000000b48b      0x2c9 ./Drivers/flash/src/flash_driver.o
 .debug_macro   0x000000000000b754       0xa3 ./Drivers/gpio/src/gpio_driver.o
 .debug_macro   0x000000000000b7f7       0x6a ./Drivers/gpio/src/gpio_driver.o
 .debug_macro   0x000000000000b861       0xa0 ./Drivers/misc/src/misc_driver.o
 .debug_macro   0x000000000000b901       0x85 ./Drivers/misc/src/misc_driver.o
 .debug_macro   0x000000000000b986      0x1b6 ./Drivers/rcc/src/rcc_driver.o
 .debug_macro   0x000000000000bb3c      0x3dc ./Drivers/rcc/src/rcc_driver.o
 .debug_macro   0x000000000000bf18      0x157 ./Drivers/uart/src/uart_driver.o
 .debug_macro   0x000000000000c06f       0xbf ./Interrupt/stm32f10x_it.o
 .debug_macro   0x000000000000c12e      0x220 ./Interrupt/stm32f10x_it.o
 .debug_macro   0x000000000000c34e       0xb4 ./Middleware/gpio/src/gpio_middleware.o
 .debug_macro   0x000000000000c402       0x75 ./Middleware/handle_data_frame/src/handle_data_frame.o
 .debug_macro   0x000000000000c477       0x9f ./Middleware/misc/src/misc_middleware.o
 .debug_macro   0x000000000000c516      0x148 ./Middleware/queue/src/queue_middeware.o
 .debug_macro   0x000000000000c65e      0x174 ./Middleware/queue/src/queue_middeware.o
 .debug_macro   0x000000000000c7d2       0x10 ./Middleware/queue/src/queue_middeware.o
 .debug_macro   0x000000000000c7e2       0x35 ./Middleware/queue/src/queue_middeware.o
 .debug_macro   0x000000000000c817       0x20 ./Middleware/queue/src/queue_middeware.o
 .debug_macro   0x000000000000c837       0x9f ./Middleware/rcc/src/rcc_middleware.o
 .debug_macro   0x000000000000c8d6       0x9f ./Middleware/uart/src/uart_middleware.o
 .debug_macro   0x000000000000c975       0x6c ./Src/main.o
 .debug_macro   0x000000000000c9e1       0x16 ./Src/main.o
 .debug_macro   0x000000000000c9f7       0x98 ./Src/system_stm32f10x.o

.debug_line     0x0000000000000000     0x74ad
 .debug_line    0x0000000000000000      0xc29 ./App/APP.o
 .debug_line    0x0000000000000c29      0xaf3 ./Drivers/flash/src/flash_driver.o
 .debug_line    0x000000000000171c      0x6fe ./Drivers/gpio/src/gpio_driver.o
 .debug_line    0x0000000000001e1a      0x65e ./Drivers/misc/src/misc_driver.o
 .debug_line    0x0000000000002478      0xad5 ./Drivers/rcc/src/rcc_driver.o
 .debug_line    0x0000000000002f4d      0xac9 ./Drivers/uart/src/uart_driver.o
 .debug_line    0x0000000000003a16      0x725 ./Interrupt/stm32f10x_it.o
 .debug_line    0x000000000000413b      0x627 ./Middleware/gpio/src/gpio_middleware.o
 .debug_line    0x0000000000004762      0x7ac ./Middleware/handle_data_frame/src/handle_data_frame.o
 .debug_line    0x0000000000004f0e      0x5e1 ./Middleware/misc/src/misc_middleware.o
 .debug_line    0x00000000000054ef      0x7e7 ./Middleware/queue/src/queue_middeware.o
 .debug_line    0x0000000000005cd6      0x5d1 ./Middleware/rcc/src/rcc_middleware.o
 .debug_line    0x00000000000062a7      0x602 ./Middleware/uart/src/uart_middleware.o
 .debug_line    0x00000000000068a9      0x506 ./Src/main.o
 .debug_line    0x0000000000006daf      0x67a ./Src/system_stm32f10x.o
 .debug_line    0x0000000000007429       0x84 ./Startup/startup_stm32f103c6tx.o

.debug_str      0x0000000000000000    0x3d867
 .debug_str     0x0000000000000000    0x3b0a1 ./App/APP.o
                                      0x3b2af (size before relaxing)
 .debug_str     0x000000000003b0a1      0x807 ./Drivers/flash/src/flash_driver.o
                                      0x33c44 (size before relaxing)
 .debug_str     0x000000000003b8a8      0x1b2 ./Drivers/gpio/src/gpio_driver.o
                                      0x32253 (size before relaxing)
 .debug_str     0x000000000003ba5a      0x25e ./Drivers/misc/src/misc_driver.o
                                      0x324fe (size before relaxing)
 .debug_str     0x000000000003bcb8      0xb51 ./Drivers/rcc/src/rcc_driver.o
                                      0x34878 (size before relaxing)
 .debug_str     0x000000000003c809      0x7fc ./Drivers/uart/src/uart_driver.o
                                      0x35a39 (size before relaxing)
 .debug_str     0x000000000003d005       0xe8 ./Interrupt/stm32f10x_it.o
                                      0x336dc (size before relaxing)
 .debug_str     0x000000000003d0ed       0x65 ./Middleware/gpio/src/gpio_middleware.o
                                      0x32238 (size before relaxing)
 .debug_str     0x000000000003d152      0x1cd ./Middleware/handle_data_frame/src/handle_data_frame.o
                                       0x3f29 (size before relaxing)
 .debug_str     0x000000000003d31f      0x301 ./Middleware/misc/src/misc_middleware.o
                                      0x32659 (size before relaxing)
 .debug_str     0x000000000003d620      0x109 ./Middleware/queue/src/queue_middeware.o
                                       0x6eac (size before relaxing)
 .debug_str     0x000000000003d729       0x27 ./Middleware/rcc/src/rcc_middleware.o
                                      0x33d10 (size before relaxing)
 .debug_str     0x000000000003d750       0x3d ./Middleware/uart/src/uart_middleware.o
                                      0x333bd (size before relaxing)
 .debug_str     0x000000000003d78d       0x13 ./Src/main.o
                                       0x3c4c (size before relaxing)
 .debug_str     0x000000000003d7a0       0x96 ./Src/system_stm32f10x.o
                                      0x31f7e (size before relaxing)
 .debug_str     0x000000000003d836       0x31 ./Startup/startup_stm32f103c6tx.o
                                         0x6e (size before relaxing)

.comment        0x0000000000000000       0x50
 .comment       0x0000000000000000       0x50 ./App/APP.o
                                         0x51 (size before relaxing)
 .comment       0x0000000000000050       0x51 ./Drivers/flash/src/flash_driver.o
 .comment       0x0000000000000050       0x51 ./Drivers/gpio/src/gpio_driver.o
 .comment       0x0000000000000050       0x51 ./Drivers/misc/src/misc_driver.o
 .comment       0x0000000000000050       0x51 ./Drivers/rcc/src/rcc_driver.o
 .comment       0x0000000000000050       0x51 ./Drivers/uart/src/uart_driver.o
 .comment       0x0000000000000050       0x51 ./Interrupt/stm32f10x_it.o
 .comment       0x0000000000000050       0x51 ./Middleware/gpio/src/gpio_middleware.o
 .comment       0x0000000000000050       0x51 ./Middleware/handle_data_frame/src/handle_data_frame.o
 .comment       0x0000000000000050       0x51 ./Middleware/misc/src/misc_middleware.o
 .comment       0x0000000000000050       0x51 ./Middleware/queue/src/queue_middeware.o
 .comment       0x0000000000000050       0x51 ./Middleware/rcc/src/rcc_middleware.o
 .comment       0x0000000000000050       0x51 ./Middleware/uart/src/uart_middleware.o
 .comment       0x0000000000000050       0x51 ./Src/main.o
 .comment       0x0000000000000050       0x51 ./Src/system_stm32f10x.o

.debug_frame    0x0000000000000000     0x1498
 .debug_frame   0x0000000000000000       0x74 ./App/APP.o
 .debug_frame   0x0000000000000074      0x410 ./Drivers/flash/src/flash_driver.o
 .debug_frame   0x0000000000000484       0xd0 ./Drivers/gpio/src/gpio_driver.o
 .debug_frame   0x0000000000000554       0xd8 ./Drivers/misc/src/misc_driver.o
 .debug_frame   0x000000000000062c      0x4f4 ./Drivers/rcc/src/rcc_driver.o
 .debug_frame   0x0000000000000b20      0x490 ./Drivers/uart/src/uart_driver.o
 .debug_frame   0x0000000000000fb0      0x154 ./Interrupt/stm32f10x_it.o
 .debug_frame   0x0000000000001104       0x58 ./Middleware/gpio/src/gpio_middleware.o
 .debug_frame   0x000000000000115c       0x84 ./Middleware/handle_data_frame/src/handle_data_frame.o
 .debug_frame   0x00000000000011e0       0x34 ./Middleware/misc/src/misc_middleware.o
 .debug_frame   0x0000000000001214      0x118 ./Middleware/queue/src/queue_middeware.o
 .debug_frame   0x000000000000132c       0x2c ./Middleware/rcc/src/rcc_middleware.o
 .debug_frame   0x0000000000001358       0x50 ./Middleware/uart/src/uart_middleware.o
 .debug_frame   0x00000000000013a8       0x2c ./Src/main.o
 .debug_frame   0x00000000000013d4       0x98 ./Src/system_stm32f10x.o
 .debug_frame   0x000000000000146c       0x2c d:/stm32_cube sofware/stm32cubeide/ide_1.10.0/setup/stm32cubeide_1.10.0/stm32cubeide/plugins/com.st.stm32cube.ide.mcu.externaltools.gnu-tools-for-stm32.10.3-2021.10.win32_1.0.0.202111181127/tools/bin/../lib/gcc/arm-none-eabi/10.3.1/../../../../arm-none-eabi/lib/thumb/v7-m/nofp\libc_nano.a(lib_a-init.o)
