Archive member included to satisfy reference by file (symbol)

d:/stm32_cube sofware/stm32cubeide/ide_1.10.0/setup/stm32cubeide_1.10.0/stm32cubeide/plugins/com.st.stm32cube.ide.mcu.externaltools.gnu-tools-for-stm32.10.3-2021.10.win32_1.0.0.202111181127/tools/bin/../lib/gcc/arm-none-eabi/10.3.1/../../../../arm-none-eabi/lib/thumb/v7-m/nofp\libc_nano.a(lib_a-errno.o)
                              ./Src/syscalls.o (__errno)
d:/stm32_cube sofware/stm32cubeide/ide_1.10.0/setup/stm32cubeide_1.10.0/stm32cubeide/plugins/com.st.stm32cube.ide.mcu.externaltools.gnu-tools-for-stm32.10.3-2021.10.win32_1.0.0.202111181127/tools/bin/../lib/gcc/arm-none-eabi/10.3.1/../../../../arm-none-eabi/lib/thumb/v7-m/nofp\libc_nano.a(lib_a-exit.o)
                              d:/stm32_cube sofware/stm32cubeide/ide_1.10.0/setup/stm32cubeide_1.10.0/stm32cubeide/plugins/com.st.stm32cube.ide.mcu.externaltools.gnu-tools-for-stm32.10.3-2021.10.win32_1.0.0.202111181127/tools/bin/../lib/gcc/arm-none-eabi/10.3.1/../../../../arm-none-eabi/lib/thumb/v7-m/nofp/crt0.o (exit)
d:/stm32_cube sofware/stm32cubeide/ide_1.10.0/setup/stm32cubeide_1.10.0/stm32cubeide/plugins/com.st.stm32cube.ide.mcu.externaltools.gnu-tools-for-stm32.10.3-2021.10.win32_1.0.0.202111181127/tools/bin/../lib/gcc/arm-none-eabi/10.3.1/../../../../arm-none-eabi/lib/thumb/v7-m/nofp\libc_nano.a(lib_a-impure.o)
                              d:/stm32_cube sofware/stm32cubeide/ide_1.10.0/setup/stm32cubeide_1.10.0/stm32cubeide/plugins/com.st.stm32cube.ide.mcu.externaltools.gnu-tools-for-stm32.10.3-2021.10.win32_1.0.0.202111181127/tools/bin/../lib/gcc/arm-none-eabi/10.3.1/../../../../arm-none-eabi/lib/thumb/v7-m/nofp\libc_nano.a(lib_a-exit.o) (_global_impure_ptr)
d:/stm32_cube sofware/stm32cubeide/ide_1.10.0/setup/stm32cubeide_1.10.0/stm32cubeide/plugins/com.st.stm32cube.ide.mcu.externaltools.gnu-tools-for-stm32.10.3-2021.10.win32_1.0.0.202111181127/tools/bin/../lib/gcc/arm-none-eabi/10.3.1/../../../../arm-none-eabi/lib/thumb/v7-m/nofp\libc_nano.a(lib_a-init.o)
                              d:/stm32_cube sofware/stm32cubeide/ide_1.10.0/setup/stm32cubeide_1.10.0/stm32cubeide/plugins/com.st.stm32cube.ide.mcu.externaltools.gnu-tools-for-stm32.10.3-2021.10.win32_1.0.0.202111181127/tools/bin/../lib/gcc/arm-none-eabi/10.3.1/../../../../arm-none-eabi/lib/thumb/v7-m/nofp/crt0.o (__libc_init_array)
d:/stm32_cube sofware/stm32cubeide/ide_1.10.0/setup/stm32cubeide_1.10.0/stm32cubeide/plugins/com.st.stm32cube.ide.mcu.externaltools.gnu-tools-for-stm32.10.3-2021.10.win32_1.0.0.202111181127/tools/bin/../lib/gcc/arm-none-eabi/10.3.1/../../../../arm-none-eabi/lib/thumb/v7-m/nofp\libc_nano.a(lib_a-memset.o)
                              d:/stm32_cube sofware/stm32cubeide/ide_1.10.0/setup/stm32cubeide_1.10.0/stm32cubeide/plugins/com.st.stm32cube.ide.mcu.externaltools.gnu-tools-for-stm32.10.3-2021.10.win32_1.0.0.202111181127/tools/bin/../lib/gcc/arm-none-eabi/10.3.1/../../../../arm-none-eabi/lib/thumb/v7-m/nofp/crt0.o (memset)

Discarded input sections

 .text          0x0000000000000000        0x0 d:/stm32_cube sofware/stm32cubeide/ide_1.10.0/setup/stm32cubeide_1.10.0/stm32cubeide/plugins/com.st.stm32cube.ide.mcu.externaltools.gnu-tools-for-stm32.10.3-2021.10.win32_1.0.0.202111181127/tools/bin/../lib/gcc/arm-none-eabi/10.3.1/thumb/v7-m/nofp/crti.o
 .data          0x0000000000000000        0x0 d:/stm32_cube sofware/stm32cubeide/ide_1.10.0/setup/stm32cubeide_1.10.0/stm32cubeide/plugins/com.st.stm32cube.ide.mcu.externaltools.gnu-tools-for-stm32.10.3-2021.10.win32_1.0.0.202111181127/tools/bin/../lib/gcc/arm-none-eabi/10.3.1/thumb/v7-m/nofp/crti.o
 .bss           0x0000000000000000        0x0 d:/stm32_cube sofware/stm32cubeide/ide_1.10.0/setup/stm32cubeide_1.10.0/stm32cubeide/plugins/com.st.stm32cube.ide.mcu.externaltools.gnu-tools-for-stm32.10.3-2021.10.win32_1.0.0.202111181127/tools/bin/../lib/gcc/arm-none-eabi/10.3.1/thumb/v7-m/nofp/crti.o
 .data          0x0000000000000000        0x4 d:/stm32_cube sofware/stm32cubeide/ide_1.10.0/setup/stm32cubeide_1.10.0/stm32cubeide/plugins/com.st.stm32cube.ide.mcu.externaltools.gnu-tools-for-stm32.10.3-2021.10.win32_1.0.0.202111181127/tools/bin/../lib/gcc/arm-none-eabi/10.3.1/thumb/v7-m/nofp/crtbegin.o
 .rodata        0x0000000000000000       0x24 d:/stm32_cube sofware/stm32cubeide/ide_1.10.0/setup/stm32cubeide_1.10.0/stm32cubeide/plugins/com.st.stm32cube.ide.mcu.externaltools.gnu-tools-for-stm32.10.3-2021.10.win32_1.0.0.202111181127/tools/bin/../lib/gcc/arm-none-eabi/10.3.1/thumb/v7-m/nofp/crtbegin.o
 .text          0x0000000000000000       0x7c d:/stm32_cube sofware/stm32cubeide/ide_1.10.0/setup/stm32cubeide_1.10.0/stm32cubeide/plugins/com.st.stm32cube.ide.mcu.externaltools.gnu-tools-for-stm32.10.3-2021.10.win32_1.0.0.202111181127/tools/bin/../lib/gcc/arm-none-eabi/10.3.1/../../../../arm-none-eabi/lib/thumb/v7-m/nofp/crt0.o
[...]
Memory Configuration

Name             Origin             Length             Attributes
RAM              0x0000000020000000 0x0000000000002800 xrw
FLASH            0x0000000008000000 0x0000000000008000 xr
*default*        0x0000000000000000 0xffffffffffffffff

Linker script and memory map

LOAD d:/stm32_cube sofware/stm32cubeide/ide_1.10.0/setup/stm32cubeide_1.10.0/stm32cubeide/plugins/com.st.stm32cube.ide.mcu.externaltools.gnu-tools-for-stm32.10.3-2021.10.win32_1.0.0.202111181127/tools/bin/../lib/gcc/arm-none-eabi/10.3.1/thumb/v7-m/nofp/crti.o
LOAD d:/stm32_cube sofware/stm32cubeide/ide_1.10.0/setup/stm32cubeide_1.10.0/stm32cubeide/plugins/com.st.stm32cube.ide.mcu.externaltools.gnu-tools-for-stm32.10.3-2021.10.win32_1.0.0.202111181127/tools/bin/../lib/gcc/arm-none-eabi/10.3.1/thumb/v7-m/nofp/crtbegin.o
LOAD d:/stm32_cube sofware/stm32cubeide/ide_1.10.0/setup/stm32cubeide_1.10.0/stm32cubeide/plugins/com.st.stm32cube.ide.mcu.externaltools.gnu-tools-for-stm32.10.3-2021.10.win32_1.0.0.202111181127/tools/bin/../lib/gcc/arm-none-eabi/10.3.1/../../../../arm-none-eabi/lib/thumb/v7-m/nofp/crt0.o
LOAD ./App/APP.o
LOAD ./Drivers/src/Srec_reader.o
LOAD ./Drivers/src/core_cm3.o
LOAD ./Drivers/src/gpio.o
LOAD ./Drivers/src/misc.o
LOAD ./Drivers/src/queue.o
LOAD ./Drivers/src/stm32f10x_flash.o
LOAD ./Drivers/src/stm32f10x_rcc.o
LOAD ./Drivers/src/stm32f10x_usart.o
LOAD ./Drivers/src/system_stm32f10x.o
LOAD ./Drivers/src/uart_frame_handle.o
LOAD ./Interrupt/stm32f10x_it.o
LOAD ./Src/main.o
LOAD ./Src/syscalls.o
LOAD ./Src/sysmem.o
LOAD ./Startup/startup_stm32f103c6tx.o
START GROUP
LOAD d:/stm32_cube sofware/stm32cubeide/ide_1.10.0/setup/stm32cubeide_1.10.0/stm32cubeide/plugins/com.st.stm32cube.ide.mcu.externaltools.gnu-tools-for-stm32.10.3-2021.10.win32_1.0.0.202111181127/tools/bin/../lib/gcc/arm-none-eabi/10.3.1/../../../../arm-none-eabi/lib/thumb/v7-m/nofp\libc_nano.a
LOAD d:/stm32_cube sofware/stm32cubeide/ide_1.10.0/setup/stm32cubeide_1.10.0/stm32cubeide/plugins/com.st.stm32cube.ide.mcu.externaltools.gnu-tools-for-stm32.10.3-2021.10.win32_1.0.0.202111181127/tools/bin/../lib/gcc/arm-none-eabi/10.3.1/../../../../arm-none-eabi/lib/thumb/v7-m/nofp\libm.a
END GROUP
START GROUP
LOAD d:/stm32_cube sofware/stm32cubeide/ide_1.10.0/setup/stm32cubeide_1.10.0/stm32cubeide/plugins/com.st.stm32cube.ide.mcu.externaltools.gnu-tools-for-stm32.10.3-2021.10.win32_1.0.0.202111181127/tools/bin/../lib/gcc/arm-none-eabi/10.3.1/thumb/v7-m/nofp\libgcc.a
LOAD d:/stm32_cube sofware/stm32cubeide/ide_1.10.0/setup/stm32cubeide_1.10.0/stm32cubeide/plugins/com.st.stm32cube.ide.mcu.externaltools.gnu-tools-for-stm32.10.3-2021.10.win32_1.0.0.202111181127/tools/bin/../lib/gcc/arm-none-eabi/10.3.1/../../../../arm-none-eabi/lib/thumb/v7-m/nofp\libc_nano.a
END GROUP
START GROUP
LOAD d:/stm32_cube sofware/stm32cubeide/ide_1.10.0/setup/stm32cubeide_1.10.0/stm32cubeide/plugins/com.st.stm32cube.ide.mcu.externaltools.gnu-tools-for-stm32.10.3-2021.10.win32_1.0.0.202111181127/tools/bin/../lib/gcc/arm-none-eabi/10.3.1/thumb/v7-m/nofp\libgcc.a
LOAD d:/stm32_cube sofware/stm32cubeide/ide_1.10.0/setup/stm32cubeide_1.10.0/stm32cubeide/plugins/com.st.stm32cube.ide.mcu.externaltools.gnu-tools-for-stm32.10.3-2021.10.win32_1.0.0.202111181127/tools/bin/../lib/gcc/arm-none-eabi/10.3.1/../../../../arm-none-eabi/lib/thumb/v7-m/nofp\libc_nano.a
LOAD d:/stm32_cube sofware/stm32cubeide/ide_1.10.0/setup/stm32cubeide_1.10.0/stm32cubeide/plugins/com.st.stm32cube.ide.mcu.externaltools.gnu-tools-for-stm32.10.3-2021.10.win32_1.0.0.202111181127/tools/bin/../lib/gcc/arm-none-eabi/10.3.1/../../../../arm-none-eabi/lib/thumb/v7-m/nofp\libnosys.a
END GROUP
START GROUP
LOAD d:/stm32_cube sofware/stm32cubeide/ide_1.10.0/setup/stm32cubeide_1.10.0/stm32cubeide/plugins/com.st.stm32cube.ide.mcu.externaltools.gnu-tools-for-stm32.10.3-2021.10.win32_1.0.0.202111181127/tools/bin/../lib/gcc/arm-none-eabi/10.3.1/thumb/v7-m/nofp\libgcc.a
LOAD d:/stm32_cube sofware/stm32cubeide/ide_1.10.0/setup/stm32cubeide_1.10.0/stm32cubeide/plugins/com.st.stm32cube.ide.mcu.externaltools.gnu-tools-for-stm32.10.3-2021.10.win32_1.0.0.202111181127/tools/bin/../lib/gcc/arm-none-eabi/10.3.1/../../../../arm-none-eabi/lib/thumb/v7-m/nofp\libc_nano.a
LOAD d:/stm32_cube sofware/stm32cubeide/ide_1.10.0/setup/stm32cubeide_1.10.0/stm32cubeide/plugins/com.st.stm32cube.ide.mcu.externaltools.gnu-tools-for-stm32.10.3-2021.10.win32_1.0.0.202111181127/tools/bin/../lib/gcc/arm-none-eabi/10.3.1/../../../../arm-none-eabi/lib/thumb/v7-m/nofp\libnosys.a
END GROUP
LOAD d:/stm32_cube sofware/stm32cubeide/ide_1.10.0/setup/stm32cubeide_1.10.0/stm32cubeide/plugins/com.st.stm32cube.ide.mcu.externaltools.gnu-tools-for-stm32.10.3-2021.10.win32_1.0.0.202111181127/tools/bin/../lib/gcc/arm-none-eabi/10.3.1/thumb/v7-m/nofp/crtend.o
LOAD d:/stm32_cube sofware/stm32cubeide/ide_1.10.0/setup/stm32cubeide_1.10.0/stm32cubeide/plugins/com.st.stm32cube.ide.mcu.externaltools.gnu-tools-for-stm32.10.3-2021.10.win32_1.0.0.202111181127/tools/bin/../lib/gcc/arm-none-eabi/10.3.1/thumb/v7-m/nofp/crtn.o
                0x0000000020002800                _estack = (ORIGIN (RAM) + LENGTH (RAM))
                0x0000000000000200                _Min_Heap_Size = 0x200
                0x0000000000000400                _Min_Stack_Size = 0x400

.isr_vector     0x0000000008000000      0x130
                0x0000000008000000                . = ALIGN (0x4)
 *(.isr_vector)
 .isr_vector    0x0000000008000000      0x130 ./Startup/startup_stm32f103c6tx.o
                0x0000000008000000                g_pfnVectors
                0x0000000008000130                . = ALIGN (0x4)

.text           0x0000000008000130     0x1190
                0x0000000008000130                . = ALIGN (0x4)
 *(.text)
 .text          0x0000000008000130       0x40 d:/stm32_cube sofware/stm32cubeide/ide_1.10.0/setup/stm32cubeide_1.10.0/stm32cubeide/plugins/com.st.stm32cube.ide.mcu.externaltools.gnu-tools-for-stm32.10.3-2021.10.win32_1.0.0.202111181127/tools/bin/../lib/gcc/arm-none-eabi/10.3.1/thumb/v7-m/nofp/crtbegin.o
 *(.text*)
 .text.RCC_Configuration
                0x0000000008000170       0x22 ./App/APP.o
                0x0000000008000170                RCC_Configuration
 .text.NVIC_Configuration
                0x0000000008000192       0x2a ./App/APP.o
                0x0000000008000192                NVIC_Configuration
 .text.USART_Configuration
                0x00000000080001bc       0x58 ./App/APP.o
                0x00000000080001bc                USART_Configuration
 .text.GPIO_Configuration
                0x0000000008000214       0x6c ./App/APP.o
                0x0000000008000214                GPIO_Configuration
 .text.USART1_transmit_string
                0x0000000008000280       0x64 ./App/APP.o
                0x0000000008000280                USART1_transmit_string
 .text.app_init
                0x00000000080002e4       0x38 ./App/APP.o
                0x00000000080002e4                app_init
 .text.StartProgram
                0x000000000800031c       0x84 ./App/APP.o
                0x000000000800031c                StartProgram
 .text.USART1_callBackFuction
                0x00000000080003a0       0x2e ./App/APP.o
                0x00000000080003a0                USART1_callBackFuction
 *fill*         0x00000000080003ce        0x2 
 .text.ControlLed
                0x00000000080003d0       0x38 ./App/APP.o
 .text.HAL_GPIO_Init
                0x0000000008000408      0x172 ./Drivers/src/gpio.o
                0x0000000008000408                HAL_GPIO_Init
 .text.HAL_GPIO_Write_Pin
                0x000000000800057a       0x32 ./Drivers/src/gpio.o
                0x000000000800057a                HAL_GPIO_Write_Pin
 .text.NVIC_PriorityGroupConfig
                0x00000000080005ac       0x24 ./Drivers/src/misc.o
                0x00000000080005ac                NVIC_PriorityGroupConfig
 .text.NVIC_Init
                0x00000000080005d0       0xc4 ./Drivers/src/misc.o
                0x00000000080005d0                NVIC_Init
 .text.queue_init
                0x0000000008000694       0x24 ./Drivers/src/queue.o
                0x0000000008000694                queue_init
 .text.queue_isEmpty
                0x00000000080006b8       0x28 ./Drivers/src/queue.o
                0x00000000080006b8                queue_isEmpty
 .text.queue_isFull
                0x00000000080006e0       0x28 ./Drivers/src/queue.o
                0x00000000080006e0                queue_isFull
 .text.queue_put_newLine
                0x0000000008000708       0x50 ./Drivers/src/queue.o
                0x0000000008000708                queue_put_newLine
 .text.queue_get
                0x0000000008000758       0x48 ./Drivers/src/queue.o
                0x0000000008000758                queue_get
 .text.queue_push_data
                0x00000000080007a0       0x54 ./Drivers/src/queue.o
                0x00000000080007a0                queue_push_data
 .text.queue_pop
                0x00000000080007f4       0x38 ./Drivers/src/queue.o
                0x00000000080007f4                queue_pop
 .text.FLASH_UnlockBank1
                0x000000000800082c       0x24 ./Drivers/src/stm32f10x_flash.o
                0x000000000800082c                FLASH_UnlockBank1
 .text.FLASH_ClearFlag
                0x0000000008000850       0x1c ./Drivers/src/stm32f10x_flash.o
                0x0000000008000850                FLASH_ClearFlag
 .text.RCC_GetClocksFreq
                0x000000000800086c      0x16c ./Drivers/src/stm32f10x_rcc.o
                0x000000000800086c                RCC_GetClocksFreq
 .text.RCC_APB2PeriphClockCmd
                0x00000000080009d8       0x3c ./Drivers/src/stm32f10x_rcc.o
                0x00000000080009d8                RCC_APB2PeriphClockCmd
 .text.USART_Init
                0x0000000008000a14      0x174 ./Drivers/src/stm32f10x_usart.o
                0x0000000008000a14                USART_Init
 .text.USART_Cmd
                0x0000000008000b88       0x3e ./Drivers/src/stm32f10x_usart.o
                0x0000000008000b88                USART_Cmd
 .text.USART_ITConfig
                0x0000000008000bc6       0x8e ./Drivers/src/stm32f10x_usart.o
                0x0000000008000bc6                USART_ITConfig
 .text.USART_SendData
                0x0000000008000c54       0x22 ./Drivers/src/stm32f10x_usart.o
                0x0000000008000c54                USART_SendData
 .text.USART_ReceiveData
                0x0000000008000c76       0x1e ./Drivers/src/stm32f10x_usart.o
                0x0000000008000c76                USART_ReceiveData
 .text.USART_GetFlagStatus
                0x0000000008000c94       0x36 ./Drivers/src/stm32f10x_usart.o
                0x0000000008000c94                USART_GetFlagStatus
 *fill*         0x0000000008000cca        0x2 
 .text.SystemInit
                0x0000000008000ccc       0x68 ./Drivers/src/system_stm32f10x.o
                0x0000000008000ccc                SystemInit
 .text.SetSysClock
                0x0000000008000d34        0xc ./Drivers/src/system_stm32f10x.o
 .text.SetSysClockTo72
                0x0000000008000d40      0x100 ./Drivers/src/system_stm32f10x.o
 .text.parseDataFrame
                0x0000000008000e40      0x170 ./Drivers/src/uart_frame_handle.o
                0x0000000008000e40                parseDataFrame
 .text.handleDataFrame
                0x0000000008000fb0      0x148 ./Drivers/src/uart_frame_handle.o
                0x0000000008000fb0                handleDataFrame
 .text.CreateSendFeedBackFrame
                0x00000000080010f8       0x7c ./Drivers/src/uart_frame_handle.o
                0x00000000080010f8                CreateSendFeedBackFrame
 .text.NMI_Handler
                0x0000000008001174        0xc ./Interrupt/stm32f10x_it.o
                0x0000000008001174                NMI_Handler
 .text.HardFault_Handler
                0x0000000008001180        0x6 ./Interrupt/stm32f10x_it.o
                0x0000000008001180                HardFault_Handler
 .text.MemManage_Handler
                0x0000000008001186        0x6 ./Interrupt/stm32f10x_it.o
                0x0000000008001186                MemManage_Handler
 .text.BusFault_Handler
                0x000000000800118c        0x6 ./Interrupt/stm32f10x_it.o
                0x000000000800118c                BusFault_Handler
 .text.UsageFault_Handler
                0x0000000008001192        0x6 ./Interrupt/stm32f10x_it.o
                0x0000000008001192                UsageFault_Handler
 .text.SVC_Handler
                0x0000000008001198        0xc ./Interrupt/stm32f10x_it.o
                0x0000000008001198                SVC_Handler
 .text.DebugMon_Handler
                0x00000000080011a4        0xc ./Interrupt/stm32f10x_it.o
                0x00000000080011a4                DebugMon_Handler
 .text.PendSV_Handler
                0x00000000080011b0        0xc ./Interrupt/stm32f10x_it.o
                0x00000000080011b0                PendSV_Handler
 .text.SysTick_Handler
                0x00000000080011bc        0xc ./Interrupt/stm32f10x_it.o
                0x00000000080011bc                SysTick_Handler
 .text.USART1_IRQHandler
                0x00000000080011c8       0x24 ./Interrupt/stm32f10x_it.o
                0x00000000080011c8                USART1_IRQHandler
 .text.USART2_IRQHandler
                0x00000000080011ec        0xc ./Interrupt/stm32f10x_it.o
                0x00000000080011ec                USART2_IRQHandler
 .text.main     0x00000000080011f8       0x12 ./Src/main.o
                0x00000000080011f8                main
 *fill*         0x000000000800120a        0x2 
 .text.Reset_Handler
                0x000000000800120c       0x50 ./Startup/startup_stm32f103c6tx.o
                0x000000000800120c                Reset_Handler
 .text.Default_Handler
                0x000000000800125c        0x2 ./Startup/startup_stm32f103c6tx.o
                0x000000000800125c                EXTI2_IRQHandler
                0x000000000800125c                TIM8_TRG_COM_IRQHandler
                0x000000000800125c                TIM8_CC_IRQHandler
                0x000000000800125c                TIM1_CC_IRQHandler
                0x000000000800125c                TIM6_IRQHandler
                0x000000000800125c                PVD_IRQHandler
                0x000000000800125c                SDIO_IRQHandler
                0x000000000800125c                EXTI3_IRQHandler
                0x000000000800125c                USB_HP_CAN_TX_IRQHandler
                0x000000000800125c                EXTI0_IRQHandler
                0x000000000800125c                I2C2_EV_IRQHandler
                0x000000000800125c                ADC1_2_IRQHandler
                0x000000000800125c                SPI1_IRQHandler
                0x000000000800125c                CAN_SCE_IRQHandler
                0x000000000800125c                TAMPER_IRQHandler
                0x000000000800125c                TIM8_UP_IRQHandler
                0x000000000800125c                DMA2_Channel2_IRQHandler
                0x000000000800125c                DMA1_Channel4_IRQHandler
                0x000000000800125c                USART3_IRQHandler
                0x000000000800125c                RTC_IRQHandler
                0x000000000800125c                DMA1_Channel7_IRQHandler
                0x000000000800125c                UART5_IRQHandler
                0x000000000800125c                ADC3_IRQHandler
                0x000000000800125c                TIM4_IRQHandler
                0x000000000800125c                CAN_RX1_IRQHandler
                0x000000000800125c                DMA2_Channel1_IRQHandler
                0x000000000800125c                I2C1_EV_IRQHandler
                0x000000000800125c                DMA1_Channel6_IRQHandler
                0x000000000800125c                UART4_IRQHandler
                0x000000000800125c                TIM3_IRQHandler
                0x000000000800125c                RCC_IRQHandler
                0x000000000800125c                TIM1_TRG_COM_IRQHandler
                0x000000000800125c                DMA1_Channel1_IRQHandler
                0x000000000800125c                Default_Handler
                0x000000000800125c                EXTI15_10_IRQHandler
                0x000000000800125c                TIM7_IRQHandler
                0x000000000800125c                TIM5_IRQHandler
                0x000000000800125c                EXTI9_5_IRQHandler
                0x000000000800125c                SPI2_IRQHandler
                0x000000000800125c                USB_LP_CAN_RX0_IRQHandler
                0x000000000800125c                DMA1_Channel5_IRQHandler
                0x000000000800125c                EXTI4_IRQHandler
                0x000000000800125c                DMA1_Channel3_IRQHandler
                0x000000000800125c                FSMC_IRQHandler
                0x000000000800125c                TIM1_UP_IRQHandler
                0x000000000800125c                WWDG_IRQHandler
                0x000000000800125c                TIM2_IRQHandler
                0x000000000800125c                TIM1_BRK_IRQHandler
                0x000000000800125c                EXTI1_IRQHandler
                0x000000000800125c                RTCAlarm_IRQHandler
                0x000000000800125c                DMA2_Channel4_5_IRQHandler
                0x000000000800125c                I2C2_ER_IRQHandler
                0x000000000800125c                DMA1_Channel2_IRQHandler
                0x000000000800125c                TIM8_BRK_IRQHandler
                0x000000000800125c                FLASH_IRQHandler
                0x000000000800125c                SPI3_IRQHandler
                0x000000000800125c                I2C1_ER_IRQHandler
                0x000000000800125c                DMA2_Channel3_IRQHandler
 *fill*         0x000000000800125e        0x2 
 .text.__libc_init_array
                0x0000000008001260       0x48 d:/stm32_cube sofware/stm32cubeide/ide_1.10.0/setup/stm32cubeide_1.10.0/stm32cubeide/plugins/com.st.stm32cube.ide.mcu.externaltools.gnu-tools-for-stm32.10.3-2021.10.win32_1.0.0.202111181127/tools/bin/../lib/gcc/arm-none-eabi/10.3.1/../../../../arm-none-eabi/lib/thumb/v7-m/nofp\libc_nano.a(lib_a-init.o)
                0x0000000008001260                __libc_init_array
 *(.glue_7)
 .glue_7        0x00000000080012a8        0x0 linker stubs
 *(.glue_7t)
 .glue_7t       0x00000000080012a8        0x0 linker stubs
 *(.eh_frame)
 .eh_frame      0x00000000080012a8        0x0 d:/stm32_cube sofware/stm32cubeide/ide_1.10.0/setup/stm32cubeide_1.10.0/stm32cubeide/plugins/com.st.stm32cube.ide.mcu.externaltools.gnu-tools-for-stm32.10.3-2021.10.win32_1.0.0.202111181127/tools/bin/../lib/gcc/arm-none-eabi/10.3.1/thumb/v7-m/nofp/crtbegin.o
 *(.init)
 .init          0x00000000080012a8        0x4 d:/stm32_cube sofware/stm32cubeide/ide_1.10.0/setup/stm32cubeide_1.10.0/stm32cubeide/plugins/com.st.stm32cube.ide.mcu.externaltools.gnu-tools-for-stm32.10.3-2021.10.win32_1.0.0.202111181127/tools/bin/../lib/gcc/arm-none-eabi/10.3.1/thumb/v7-m/nofp/crti.o
                0x00000000080012a8                _init
 .init          0x00000000080012ac        0x8 d:/stm32_cube sofware/stm32cubeide/ide_1.10.0/setup/stm32cubeide_1.10.0/stm32cubeide/plugins/com.st.stm32cube.ide.mcu.externaltools.gnu-tools-for-stm32.10.3-2021.10.win32_1.0.0.202111181127/tools/bin/../lib/gcc/arm-none-eabi/10.3.1/thumb/v7-m/nofp/crtn.o
 *(.fini)
 .fini          0x00000000080012b4        0x4 d:/stm32_cube sofware/stm32cubeide/ide_1.10.0/setup/stm32cubeide_1.10.0/stm32cubeide/plugins/com.st.stm32cube.ide.mcu.externaltools.gnu-tools-for-stm32.10.3-2021.10.win32_1.0.0.202111181127/tools/bin/../lib/gcc/arm-none-eabi/10.3.1/thumb/v7-m/nofp/crti.o
                0x00000000080012b4                _fini
 .fini          0x00000000080012b8        0x8 d:/stm32_cube sofware/stm32cubeide/ide_1.10.0/setup/stm32cubeide_1.10.0/stm32cubeide/plugins/com.st.stm32cube.ide.mcu.externaltools.gnu-tools-for-stm32.10.3-2021.10.win32_1.0.0.202111181127/tools/bin/../lib/gcc/arm-none-eabi/10.3.1/thumb/v7-m/nofp/crtn.o
                0x00000000080012c0                . = ALIGN (0x4)
                0x00000000080012c0                _etext = .

.vfp11_veneer   0x00000000080012c0        0x0
 .vfp11_veneer  0x00000000080012c0        0x0 linker stubs

.v4_bx          0x00000000080012c0        0x0
 .v4_bx         0x00000000080012c0        0x0 linker stubs

.iplt           0x00000000080012c0        0x0
 .iplt          0x00000000080012c0        0x0 d:/stm32_cube sofware/stm32cubeide/ide_1.10.0/setup/stm32cubeide_1.10.0/stm32cubeide/plugins/com.st.stm32cube.ide.mcu.externaltools.gnu-tools-for-stm32.10.3-2021.10.win32_1.0.0.202111181127/tools/bin/../lib/gcc/arm-none-eabi/10.3.1/thumb/v7-m/nofp/crtbegin.o

.rel.dyn        0x00000000080012c0        0x0
 .rel.iplt      0x00000000080012c0        0x0 d:/stm32_cube sofware/stm32cubeide/ide_1.10.0/setup/stm32cubeide_1.10.0/stm32cubeide/plugins/com.st.stm32cube.ide.mcu.externaltools.gnu-tools-for-stm32.10.3-2021.10.win32_1.0.0.202111181127/tools/bin/../lib/gcc/arm-none-eabi/10.3.1/thumb/v7-m/nofp/crtbegin.o

.rodata         0x00000000080012c0        0x0
                0x00000000080012c0                . = ALIGN (0x4)
 *(.rodata)
 *(.rodata*)
                0x00000000080012c0                . = ALIGN (0x4)

.ARM.extab      0x00000000080012c0        0x0
                0x00000000080012c0                . = ALIGN (0x4)
 *(.ARM.extab* .gnu.linkonce.armextab.*)
                0x00000000080012c0                . = ALIGN (0x4)

.ARM            0x00000000080012c0        0x0
                0x00000000080012c0                . = ALIGN (0x4)
                0x00000000080012c0                __exidx_start = .
 *(.ARM.exidx*)
                0x00000000080012c0                __exidx_end = .
                0x00000000080012c0                . = ALIGN (0x4)

.preinit_array  0x00000000080012c0        0x0
                0x00000000080012c0                . = ALIGN (0x4)
                0x00000000080012c0                PROVIDE (__preinit_array_start = .)
 *(.preinit_array*)
                0x00000000080012c0                PROVIDE (__preinit_array_end = .)
                0x00000000080012c0                . = ALIGN (0x4)

.init_array     0x00000000080012c0        0x4
                0x00000000080012c0                . = ALIGN (0x4)
                0x00000000080012c0                PROVIDE (__init_array_start = .)
 *(SORT_BY_NAME(.init_array.*))
 *(.init_array*)
 .init_array    0x00000000080012c0        0x4 d:/stm32_cube sofware/stm32cubeide/ide_1.10.0/setup/stm32cubeide_1.10.0/stm32cubeide/plugins/com.st.stm32cube.ide.mcu.externaltools.gnu-tools-for-stm32.10.3-2021.10.win32_1.0.0.202111181127/tools/bin/../lib/gcc/arm-none-eabi/10.3.1/thumb/v7-m/nofp/crtbegin.o
                0x00000000080012c4                PROVIDE (__init_array_end = .)
                0x00000000080012c4                . = ALIGN (0x4)

.fini_array     0x00000000080012c4        0x4
                0x00000000080012c4                . = ALIGN (0x4)
                [!provide]                        PROVIDE (__fini_array_start = .)
 *(SORT_BY_NAME(.fini_array.*))
 *(.fini_array*)
 .fini_array    0x00000000080012c4        0x4 d:/stm32_cube sofware/stm32cubeide/ide_1.10.0/setup/stm32cubeide_1.10.0/stm32cubeide/plugins/com.st.stm32cube.ide.mcu.externaltools.gnu-tools-for-stm32.10.3-2021.10.win32_1.0.0.202111181127/tools/bin/../lib/gcc/arm-none-eabi/10.3.1/thumb/v7-m/nofp/crtbegin.o
                [!provide]                        PROVIDE (__fini_array_end = .)
                0x00000000080012c8                . = ALIGN (0x4)
                0x00000000080012c8                _sidata = LOADADDR (.data)

.data           0x0000000020000000       0x18 load address 0x00000000080012c8
                0x0000000020000000                . = ALIGN (0x4)
                0x0000000020000000                _sdata = .
 *(.data)
 *(.data*)
 .data.APBAHBPrescTable
                0x0000000020000000       0x10 ./Drivers/src/stm32f10x_rcc.o
 .data.ADCPrescTable
                0x0000000020000010        0x4 ./Drivers/src/stm32f10x_rcc.o
 .data.status   0x0000000020000014        0x1 ./Drivers/src/uart_frame_handle.o
 *(.RamFunc)
 *(.RamFunc*)
                0x0000000020000018                . = ALIGN (0x4)
 *fill*         0x0000000020000015        0x3 
                0x0000000020000018                _edata = .

.igot.plt       0x0000000020000018        0x0 load address 0x00000000080012e0
 .igot.plt      0x0000000020000018        0x0 d:/stm32_cube sofware/stm32cubeide/ide_1.10.0/setup/stm32cubeide_1.10.0/stm32cubeide/plugins/com.st.stm32cube.ide.mcu.externaltools.gnu-tools-for-stm32.10.3-2021.10.win32_1.0.0.202111181127/tools/bin/../lib/gcc/arm-none-eabi/10.3.1/thumb/v7-m/nofp/crtbegin.o
                0x0000000020000018                . = ALIGN (0x4)

.bss            0x0000000020000018      0x854 load address 0x00000000080012e0
                0x0000000020000018                _sbss = .
                0x0000000020000018                __bss_start__ = _sbss
 *(.bss)
 .bss           0x0000000020000018       0x1c d:/stm32_cube sofware/stm32cubeide/ide_1.10.0/setup/stm32cubeide_1.10.0/stm32cubeide/plugins/com.st.stm32cube.ide.mcu.externaltools.gnu-tools-for-stm32.10.3-2021.10.win32_1.0.0.202111181127/tools/bin/../lib/gcc/arm-none-eabi/10.3.1/thumb/v7-m/nofp/crtbegin.o
 *(.bss*)
 .bss.dataIndex
                0x0000000020000034        0x2 ./Drivers/src/queue.o
                0x0000000020000034                dataIndex
 *fill*         0x0000000020000036        0x2 
 .bss.s_queueList
                0x0000000020000038      0x833 ./Drivers/src/queue.o
                0x0000000020000038                s_queueList
 *(COMMON)
                0x000000002000086c                . = ALIGN (0x4)
 *fill*         0x000000002000086b        0x1 
                0x000000002000086c                _ebss = .
                0x000000002000086c                __bss_end__ = _ebss

._user_heap_stack
                0x000000002000086c      0x604 load address 0x00000000080012e0
                0x0000000020000870                . = ALIGN (0x8)
 *fill*         0x000000002000086c        0x4 
                [!provide]                        PROVIDE (end = .)
                0x0000000020000870                PROVIDE (_end = .)
                0x0000000020000a70                . = (. + _Min_Heap_Size)
 *fill*         0x0000000020000870      0x200 
                0x0000000020000e70                . = (. + _Min_Stack_Size)
 *fill*         0x0000000020000a70      0x400 
                0x0000000020000e70                . = ALIGN (0x8)

/DISCARD/
 libc.a(*)
 libm.a(*)
 libgcc.a(*)

.ARM.attributes
                0x0000000000000000       0x29
 *(.ARM.attributes)
 .ARM.attributes
                0x0000000000000000       0x1d d:/stm32_cube sofware/stm32cubeide/ide_1.10.0/setup/stm32cubeide_1.10.0/stm32cubeide/plugins/com.st.stm32cube.ide.mcu.externaltools.gnu-tools-for-stm32.10.3-2021.10.win32_1.0.0.202111181127/tools/bin/../lib/gcc/arm-none-eabi/10.3.1/thumb/v7-m/nofp/crti.o
 .ARM.attributes
                0x000000000000001d       0x2d d:/stm32_cube sofware/stm32cubeide/ide_1.10.0/setup/stm32cubeide_1.10.0/stm32cubeide/plugins/com.st.stm32cube.ide.mcu.externaltools.gnu-tools-for-stm32.10.3-2021.10.win32_1.0.0.202111181127/tools/bin/../lib/gcc/arm-none-eabi/10.3.1/thumb/v7-m/nofp/crtbegin.o
 .ARM.attributes
                0x000000000000004a       0x2d ./App/APP.o
 .ARM.attributes
                0x0000000000000077       0x2d ./Drivers/src/gpio.o
 .ARM.attributes
                0x00000000000000a4       0x2d ./Drivers/src/misc.o
 .ARM.attributes
                0x00000000000000d1       0x2d ./Drivers/src/queue.o
 .ARM.attributes
                0x00000000000000fe       0x2d ./Drivers/src/stm32f10x_flash.o
 .ARM.attributes
                0x000000000000012b       0x2d ./Drivers/src/stm32f10x_rcc.o
 .ARM.attributes
                0x0000000000000158       0x2d ./Drivers/src/stm32f10x_usart.o
 .ARM.attributes
                0x0000000000000185       0x2d ./Drivers/src/system_stm32f10x.o
 .ARM.attributes
                0x00000000000001b2       0x2d ./Drivers/src/uart_frame_handle.o
 .ARM.attributes
                0x00000000000001df       0x2d ./Interrupt/stm32f10x_it.o
 .ARM.attributes
                0x000000000000020c       0x2d ./Src/main.o
 .ARM.attributes
                0x0000000000000239       0x21 ./Startup/startup_stm32f103c6tx.o
 .ARM.attributes
                0x000000000000025a       0x2d d:/stm32_cube sofware/stm32cubeide/ide_1.10.0/setup/stm32cubeide_1.10.0/stm32cubeide/plugins/com.st.stm32cube.ide.mcu.externaltools.gnu-tools-for-stm32.10.3-2021.10.win32_1.0.0.202111181127/tools/bin/../lib/gcc/arm-none-eabi/10.3.1/../../../../arm-none-eabi/lib/thumb/v7-m/nofp\libc_nano.a(lib_a-init.o)
 .ARM.attributes
                0x0000000000000287       0x1d d:/stm32_cube sofware/stm32cubeide/ide_1.10.0/setup/stm32cubeide_1.10.0/stm32cubeide/plugins/com.st.stm32cube.ide.mcu.externaltools.gnu-tools-for-stm32.10.3-2021.10.win32_1.0.0.202111181127/tools/bin/../lib/gcc/arm-none-eabi/10.3.1/thumb/v7-m/nofp/crtn.o
OUTPUT(fast_track_execise.elf elf32-littlearm)
LOAD linker stubs
LOAD d:/stm32_cube sofware/stm32cubeide/ide_1.10.0/setup/stm32cubeide_1.10.0/stm32cubeide/plugins/com.st.stm32cube.ide.mcu.externaltools.gnu-tools-for-stm32.10.3-2021.10.win32_1.0.0.202111181127/tools/bin/../lib/gcc/arm-none-eabi/10.3.1/../../../../arm-none-eabi/lib/thumb/v7-m/nofp\libc.a
LOAD d:/stm32_cube sofware/stm32cubeide/ide_1.10.0/setup/stm32cubeide_1.10.0/stm32cubeide/plugins/com.st.stm32cube.ide.mcu.externaltools.gnu-tools-for-stm32.10.3-2021.10.win32_1.0.0.202111181127/tools/bin/../lib/gcc/arm-none-eabi/10.3.1/../../../../arm-none-eabi/lib/thumb/v7-m/nofp\libm.a
LOAD d:/stm32_cube sofware/stm32cubeide/ide_1.10.0/setup/stm32cubeide_1.10.0/stm32cubeide/plugins/com.st.stm32cube.ide.mcu.externaltools.gnu-tools-for-stm32.10.3-2021.10.win32_1.0.0.202111181127/tools/bin/../lib/gcc/arm-none-eabi/10.3.1/thumb/v7-m/nofp\libgcc.a

.debug_info     0x0000000000000000     0x3c18
 .debug_info    0x0000000000000000      0xab3 ./App/APP.o
 .debug_info    0x0000000000000ab3      0x391 ./Drivers/src/gpio.o
 .debug_info    0x0000000000000e44      0x510 ./Drivers/src/misc.o
 .debug_info    0x0000000000001354      0x26d ./Drivers/src/queue.o
 .debug_info    0x00000000000015c1      0x800 ./Drivers/src/stm32f10x_flash.o
 .debug_info    0x0000000000001dc1      0x8f7 ./Drivers/src/stm32f10x_rcc.o
 .debug_info    0x00000000000026b8      0xaa8 ./Drivers/src/stm32f10x_usart.o
 .debug_info    0x0000000000003160      0x479 ./Drivers/src/system_stm32f10x.o
 .debug_info    0x00000000000035d9      0x2da ./Drivers/src/uart_frame_handle.o
 .debug_info    0x00000000000038b3      0x2ad ./Interrupt/stm32f10x_it.o
 .debug_info    0x0000000000003b60       0x96 ./Src/main.o
 .debug_info    0x0000000000003bf6       0x22 ./Startup/startup_stm32f103c6tx.o

.debug_abbrev   0x0000000000000000     0x1040
 .debug_abbrev  0x0000000000000000      0x292 ./App/APP.o
 .debug_abbrev  0x0000000000000292      0x16b ./Drivers/src/gpio.o
 .debug_abbrev  0x00000000000003fd      0x184 ./Drivers/src/misc.o
 .debug_abbrev  0x0000000000000581      0x13a ./Drivers/src/queue.o
 .debug_abbrev  0x00000000000006bb      0x1a7 ./Drivers/src/stm32f10x_flash.o
 .debug_abbrev  0x0000000000000862      0x1d6 ./Drivers/src/stm32f10x_rcc.o
 .debug_abbrev  0x0000000000000a38      0x1b0 ./Drivers/src/stm32f10x_usart.o
 .debug_abbrev  0x0000000000000be8      0x1b1 ./Drivers/src/system_stm32f10x.o
 .debug_abbrev  0x0000000000000d99      0x11b ./Drivers/src/uart_frame_handle.o
 .debug_abbrev  0x0000000000000eb4      0x11e ./Interrupt/stm32f10x_it.o
 .debug_abbrev  0x0000000000000fd2       0x5c ./Src/main.o
 .debug_abbrev  0x000000000000102e       0x12 ./Startup/startup_stm32f103c6tx.o

.debug_aranges  0x0000000000000000      0x570
 .debug_aranges
                0x0000000000000000       0x70 ./App/APP.o
 .debug_aranges
                0x0000000000000070       0x40 ./Drivers/src/gpio.o
 .debug_aranges
                0x00000000000000b0       0x40 ./Drivers/src/misc.o
 .debug_aranges
                0x00000000000000f0       0x50 ./Drivers/src/queue.o
 .debug_aranges
                0x0000000000000140       0xf8 ./Drivers/src/stm32f10x_flash.o
 .debug_aranges
                0x0000000000000238      0x118 ./Drivers/src/stm32f10x_rcc.o
 .debug_aranges
                0x0000000000000350      0x100 ./Drivers/src/stm32f10x_usart.o
 .debug_aranges
                0x0000000000000450       0x38 ./Drivers/src/system_stm32f10x.o
 .debug_aranges
                0x0000000000000488       0x30 ./Drivers/src/uart_frame_handle.o
 .debug_aranges
                0x00000000000004b8       0x70 ./Interrupt/stm32f10x_it.o
 .debug_aranges
                0x0000000000000528       0x20 ./Src/main.o
 .debug_aranges
                0x0000000000000548       0x28 ./Startup/startup_stm32f103c6tx.o

.debug_ranges   0x0000000000000000      0x4b8
 .debug_ranges  0x0000000000000000       0x60 ./App/APP.o
 .debug_ranges  0x0000000000000060       0x30 ./Drivers/src/gpio.o
 .debug_ranges  0x0000000000000090       0x30 ./Drivers/src/misc.o
 .debug_ranges  0x00000000000000c0       0x40 ./Drivers/src/queue.o
 .debug_ranges  0x0000000000000100       0xe8 ./Drivers/src/stm32f10x_flash.o
 .debug_ranges  0x00000000000001e8      0x108 ./Drivers/src/stm32f10x_rcc.o
 .debug_ranges  0x00000000000002f0       0xf0 ./Drivers/src/stm32f10x_usart.o
 .debug_ranges  0x00000000000003e0       0x28 ./Drivers/src/system_stm32f10x.o
 .debug_ranges  0x0000000000000408       0x20 ./Drivers/src/uart_frame_handle.o
 .debug_ranges  0x0000000000000428       0x60 ./Interrupt/stm32f10x_it.o
 .debug_ranges  0x0000000000000488       0x10 ./Src/main.o
 .debug_ranges  0x0000000000000498       0x20 ./Startup/startup_stm32f103c6tx.o

.debug_macro    0x0000000000000000     0xc09d
 .debug_macro   0x0000000000000000      0x26e ./App/APP.o
 .debug_macro   0x000000000000026e      0xa7e ./App/APP.o
 .debug_macro   0x0000000000000cec       0x56 ./App/APP.o
 .debug_macro   0x0000000000000d42       0x22 ./App/APP.o
 .debug_macro   0x0000000000000d64       0x22 ./App/APP.o
 .debug_macro   0x0000000000000d86       0x8e ./App/APP.o
 .debug_macro   0x0000000000000e14       0x51 ./App/APP.o
 .debug_macro   0x0000000000000e65      0x103 ./App/APP.o
 .debug_macro   0x0000000000000f68       0x6a ./App/APP.o
 .debug_macro   0x0000000000000fd2      0x1df ./App/APP.o
 .debug_macro   0x00000000000011b1      0x69f ./App/APP.o
 .debug_macro   0x0000000000001850     0x7def ./App/APP.o
 .debug_macro   0x000000000000963f       0x52 ./App/APP.o
 .debug_macro   0x0000000000009691       0x18 ./App/APP.o
 .debug_macro   0x00000000000096a9       0x3c ./App/APP.o
 .debug_macro   0x00000000000096e5       0x34 ./App/APP.o
 .debug_macro   0x0000000000009719       0x16 ./App/APP.o
 .debug_macro   0x000000000000972f       0x97 ./App/APP.o
 .debug_macro   0x00000000000097c6      0x341 ./App/APP.o
 .debug_macro   0x0000000000009b07       0xfd ./App/APP.o
 .debug_macro   0x0000000000009c04       0x10 ./App/APP.o
 .debug_macro   0x0000000000009c14       0x16 ./App/APP.o
 .debug_macro   0x0000000000009c2a       0x43 ./App/APP.o
 .debug_macro   0x0000000000009c6d       0x34 ./App/APP.o
 .debug_macro   0x0000000000009ca1       0x10 ./App/APP.o
 .debug_macro   0x0000000000009cb1       0x58 ./App/APP.o
 .debug_macro   0x0000000000009d09       0x71 ./App/APP.o
 .debug_macro   0x0000000000009d7a       0x1c ./App/APP.o
 .debug_macro   0x0000000000009d96      0x12a ./App/APP.o
 .debug_macro   0x0000000000009ec0       0x10 ./App/APP.o
 .debug_macro   0x0000000000009ed0       0x1c ./App/APP.o
 .debug_macro   0x0000000000009eec       0x52 ./App/APP.o
 .debug_macro   0x0000000000009f3e       0x22 ./App/APP.o
 .debug_macro   0x0000000000009f60       0x10 ./App/APP.o
 .debug_macro   0x0000000000009f70       0x52 ./App/APP.o
 .debug_macro   0x0000000000009fc2       0xd5 ./App/APP.o
 .debug_macro   0x000000000000a097       0x1c ./App/APP.o
 .debug_macro   0x000000000000a0b3       0x3d ./App/APP.o
 .debug_macro   0x000000000000a0f0       0x16 ./App/APP.o
 .debug_macro   0x000000000000a106      0x145 ./App/APP.o
 .debug_macro   0x000000000000a24b       0x22 ./App/APP.o
 .debug_macro   0x000000000000a26d       0x16 ./App/APP.o
 .debug_macro   0x000000000000a283       0x16 ./App/APP.o
 .debug_macro   0x000000000000a299       0x6a ./App/APP.o
 .debug_macro   0x000000000000a303       0x8b ./App/APP.o
 .debug_macro   0x000000000000a38e      0x3e2 ./App/APP.o
 .debug_macro   0x000000000000a770      0x2cf ./App/APP.o
 .debug_macro   0x000000000000aa3f      0x220 ./App/APP.o
 .debug_macro   0x000000000000ac5f       0x10 ./App/APP.o
 .debug_macro   0x000000000000ac6f       0x9a ./Drivers/src/gpio.o
 .debug_macro   0x000000000000ad09       0xa0 ./Drivers/src/misc.o
 .debug_macro   0x000000000000ada9       0x85 ./Drivers/src/misc.o
 .debug_macro   0x000000000000ae2e      0x148 ./Drivers/src/queue.o
 .debug_macro   0x000000000000af76      0x174 ./Drivers/src/queue.o
 .debug_macro   0x000000000000b0ea       0x10 ./Drivers/src/queue.o
 .debug_macro   0x000000000000b0fa       0x35 ./Drivers/src/queue.o
 .debug_macro   0x000000000000b12f       0x20 ./Drivers/src/queue.o
 .debug_macro   0x000000000000b14f      0x142 ./Drivers/src/stm32f10x_flash.o
 .debug_macro   0x000000000000b291      0x2c9 ./Drivers/src/stm32f10x_flash.o
 .debug_macro   0x000000000000b55a      0x1b6 ./Drivers/src/stm32f10x_rcc.o
 .debug_macro   0x000000000000b710      0x3dc ./Drivers/src/stm32f10x_rcc.o
 .debug_macro   0x000000000000baec      0x157 ./Drivers/src/stm32f10x_usart.o
 .debug_macro   0x000000000000bc43      0x21a ./Drivers/src/stm32f10x_usart.o
 .debug_macro   0x000000000000be5d       0x98 ./Drivers/src/system_stm32f10x.o
 .debug_macro   0x000000000000bef5       0x75 ./Drivers/src/uart_frame_handle.o
 .debug_macro   0x000000000000bf6a       0xb1 ./Interrupt/stm32f10x_it.o
 .debug_macro   0x000000000000c01b       0x6c ./Src/main.o
 .debug_macro   0x000000000000c087       0x16 ./Src/main.o

.debug_line     0x0000000000000000     0x58c6
 .debug_line    0x0000000000000000      0x9cc ./App/APP.o
 .debug_line    0x00000000000009cc      0x6ca ./Drivers/src/gpio.o
 .debug_line    0x0000000000001096      0x63b ./Drivers/src/misc.o
 .debug_line    0x00000000000016d1      0x7bc ./Drivers/src/queue.o
 .debug_line    0x0000000000001e8d      0xae2 ./Drivers/src/stm32f10x_flash.o
 .debug_line    0x000000000000296f      0xac8 ./Drivers/src/stm32f10x_rcc.o
 .debug_line    0x0000000000003437      0xa74 ./Drivers/src/stm32f10x_usart.o
 .debug_line    0x0000000000003eab      0x6be ./Drivers/src/system_stm32f10x.o
 .debug_line    0x0000000000004569      0x77e ./Drivers/src/uart_frame_handle.o
 .debug_line    0x0000000000004ce7      0x655 ./Interrupt/stm32f10x_it.o
 .debug_line    0x000000000000533c      0x506 ./Src/main.o
 .debug_line    0x0000000000005842       0x84 ./Startup/startup_stm32f103c6tx.o

.debug_str      0x0000000000000000    0x3d7de
 .debug_str     0x0000000000000000    0x3b773 ./App/APP.o
                                      0x3b9b6 (size before relaxing)
 .debug_str     0x000000000003b773       0x99 ./Drivers/src/gpio.o
                                      0x321ff (size before relaxing)
 .debug_str     0x000000000003b80c      0x195 ./Drivers/src/misc.o
                                      0x324f2 (size before relaxing)
 .debug_str     0x000000000003b9a1      0x100 ./Drivers/src/queue.o
                                       0x6e99 (size before relaxing)
 .debug_str     0x000000000003baa1      0x778 ./Drivers/src/stm32f10x_flash.o
                                      0x33c41 (size before relaxing)
 .debug_str     0x000000000003c219      0xb39 ./Drivers/src/stm32f10x_rcc.o
                                      0x34877 (size before relaxing)
 .debug_str     0x000000000003cd52      0x71a ./Drivers/src/stm32f10x_usart.o
                                      0x35a38 (size before relaxing)
 .debug_str     0x000000000003d46c       0x9e ./Drivers/src/system_stm32f10x.o
                                      0x31f86 (size before relaxing)
 .debug_str     0x000000000003d50a      0x1ae ./Drivers/src/uart_frame_handle.o
                                       0x3f14 (size before relaxing)
 .debug_str     0x000000000003d6b8       0xe2 ./Interrupt/stm32f10x_it.o
                                      0x335be (size before relaxing)
 .debug_str     0x000000000003d79a       0x13 ./Src/main.o
                                       0x3c4c (size before relaxing)
 .debug_str     0x000000000003d7ad       0x31 ./Startup/startup_stm32f103c6tx.o
                                         0x6e (size before relaxing)

.comment        0x0000000000000000       0x50
 .comment       0x0000000000000000       0x50 ./App/APP.o
                                         0x51 (size before relaxing)
 .comment       0x0000000000000050       0x51 ./Drivers/src/gpio.o
 .comment       0x0000000000000050       0x51 ./Drivers/src/misc.o
 .comment       0x0000000000000050       0x51 ./Drivers/src/queue.o
 .comment       0x0000000000000050       0x51 ./Drivers/src/stm32f10x_flash.o
 .comment       0x0000000000000050       0x51 ./Drivers/src/stm32f10x_rcc.o
 .comment       0x0000000000000050       0x51 ./Drivers/src/stm32f10x_usart.o
 .comment       0x0000000000000050       0x51 ./Drivers/src/system_stm32f10x.o
 .comment       0x0000000000000050       0x51 ./Drivers/src/uart_frame_handle.o
 .comment       0x0000000000000050       0x51 ./Interrupt/stm32f10x_it.o
 .comment       0x0000000000000050       0x51 ./Src/main.o

.debug_frame    0x0000000000000000     0x14b0
 .debug_frame   0x0000000000000000      0x190 ./App/APP.o
 .debug_frame   0x0000000000000190       0xd4 ./Drivers/src/gpio.o
 .debug_frame   0x0000000000000264       0xd8 ./Drivers/src/misc.o
 .debug_frame   0x000000000000033c      0x118 ./Drivers/src/queue.o
 .debug_frame   0x0000000000000454      0x410 ./Drivers/src/stm32f10x_flash.o
 .debug_frame   0x0000000000000864      0x4f4 ./Drivers/src/stm32f10x_rcc.o
 .debug_frame   0x0000000000000d58      0x490 ./Drivers/src/stm32f10x_usart.o
 .debug_frame   0x00000000000011e8       0x98 ./Drivers/src/system_stm32f10x.o
 .debug_frame   0x0000000000001280       0x84 ./Drivers/src/uart_frame_handle.o
 .debug_frame   0x0000000000001304      0x154 ./Interrupt/stm32f10x_it.o
 .debug_frame   0x0000000000001458       0x2c ./Src/main.o
 .debug_frame   0x0000000000001484       0x2c d:/stm32_cube sofware/stm32cubeide/ide_1.10.0/setup/stm32cubeide_1.10.0/stm32cubeide/plugins/com.st.stm32cube.ide.mcu.externaltools.gnu-tools-for-stm32.10.3-2021.10.win32_1.0.0.202111181127/tools/bin/../lib/gcc/arm-none-eabi/10.3.1/../../../../arm-none-eabi/lib/thumb/v7-m/nofp\libc_nano.a(lib_a-init.o)
