../Drivers/src/stm32f10x_rcc.c:217:6:RCC_DeInit	4	static
../Drivers/src/stm32f10x_rcc.c:270:6:RCC_HSEConfig	16	static
../Drivers/src/stm32f10x_rcc.c:303:13:RCC_WaitForHSEStartUp	16	static
../Drivers/src/stm32f10x_rcc.c:333:6:RCC_AdjustHSICalibrationValue	24	static
../Drivers/src/stm32f10x_rcc.c:352:6:RCC_HSICmd	16	static
../Drivers/src/stm32f10x_rcc.c:375:6:RCC_PLLConfig	24	static
../Drivers/src/stm32f10x_rcc.c:396:6:RCC_PLLCmd	16	static
../Drivers/src/stm32f10x_rcc.c:551:6:RCC_SYSCLKConfig	24	static
../Drivers/src/stm32f10x_rcc.c:573:9:RCC_GetSYSCLKSource	4	static
../Drivers/src/stm32f10x_rcc.c:594:6:RCC_HCLKConfig	24	static
../Drivers/src/stm32f10x_rcc.c:619:6:RCC_PCLK1Config	24	static
../Drivers/src/stm32f10x_rcc.c:644:6:RCC_PCLK2Config	24	static
../Drivers/src/stm32f10x_rcc.c:683:6:RCC_ITConfig	16	static
../Drivers/src/stm32f10x_rcc.c:709:6:RCC_USBCLKConfig	16	static
../Drivers/src/stm32f10x_rcc.c:745:6:RCC_ADCCLKConfig	24	static
../Drivers/src/stm32f10x_rcc.c:805:6:RCC_LSEConfig	16	static
../Drivers/src/stm32f10x_rcc.c:837:6:RCC_LSICmd	16	static
../Drivers/src/stm32f10x_rcc.c:853:6:RCC_RTCCLKConfig	16	static
../Drivers/src/stm32f10x_rcc.c:866:6:RCC_RTCCLKCmd	16	static
../Drivers/src/stm32f10x_rcc.c:880:6:RCC_GetClocksFreq	32	static
../Drivers/src/stm32f10x_rcc.c:1036:6:RCC_AHBPeriphClockCmd	16	static
../Drivers/src/stm32f10x_rcc.c:1065:6:RCC_APB2PeriphClockCmd	16	static
../Drivers/src/stm32f10x_rcc.c:1094:6:RCC_APB1PeriphClockCmd	16	static
../Drivers/src/stm32f10x_rcc.c:1149:6:RCC_APB2PeriphResetCmd	16	static
../Drivers/src/stm32f10x_rcc.c:1178:6:RCC_APB1PeriphResetCmd	16	static
../Drivers/src/stm32f10x_rcc.c:1197:6:RCC_BackupResetCmd	16	static
../Drivers/src/stm32f10x_rcc.c:1209:6:RCC_ClockSecuritySystemCmd	16	static
../Drivers/src/stm32f10x_rcc.c:1240:6:RCC_MCOConfig	16	static
../Drivers/src/stm32f10x_rcc.c:1283:12:RCC_GetFlagStatus	32	static
../Drivers/src/stm32f10x_rcc.c:1327:6:RCC_ClearFlag	4	static
../Drivers/src/stm32f10x_rcc.c:1358:10:RCC_GetITStatus	24	static
../Drivers/src/stm32f10x_rcc.c:1403:6:RCC_ClearITPendingBit	16	static
